===== diagnose c01_dropzero_base =====
device=cuda  dataset=None  samples=3000

===== seed 0001 =====
PushTWidowXVideoDataset: 150 episodes, 72988 frames, camera=1, frame_stack=2, state_shape=(6, 240, 320), raw action range=[-0.008 -0.008] -> [0.008 0.008]
  idle_filter='none' -> 72988/72988 transitions kept (100.0%); zero-action share now 24.1%
  samples        3000
  act range      min=[-0.00800000037997961, -0.00800000037997961]  max=[0.00800000037997961, 0.00800000037997961]
  pred mean/std  mean=[ 0.0133 -0.0363] std=[0.4566 0.5411] frac_neg=[0.482 0.534]
  gt   mean/std  mean=[ 0.0098 -0.0314] std=[0.4212 0.5078] frac_neg=[0.252 0.321]
  corr(dx,dy)    -0.049   (≈1 => diagonal collapse)
  MAE vs gt      [0.0816 0.0855]
  pred quadrants {'--': 767, '-+': 678, '+-': 835, '++': 720}
  gt   quadrants {'--': 280, '-+': 476, '+-': 683, '++': 1561}
  => looks responsive

Wrote /home1/halbertb/Q3CIBC/results/diag_c01_dropzero_base_raw.json
===== diagnose c02_none_control =====
device=cuda  dataset=None  samples=3000

===== seed 0001 =====
PushTWidowXVideoDataset: 150 episodes, 72988 frames, camera=1, frame_stack=2, state_shape=(6, 240, 320), raw action range=[-0.008 -0.008] -> [0.008 0.008]
  idle_filter='none' -> 72988/72988 transitions kept (100.0%); zero-action share now 24.1%
  samples        3000
  act range      min=[-0.00800000037997961, -0.00800000037997961]  max=[0.00800000037997961, 0.00800000037997961]
  pred mean/std  mean=[ 0.0088 -0.0287] std=[0.4363 0.5225] frac_neg=[0.491 0.512]
  gt   mean/std  mean=[ 0.0098 -0.0314] std=[0.4212 0.5078] frac_neg=[0.252 0.321]
  corr(dx,dy)    -0.048   (≈1 => diagonal collapse)
  MAE vs gt      [0.0463 0.0494]
  pred quadrants {'--': 739, '-+': 735, '+-': 798, '++': 728}
  gt   quadrants {'--': 280, '-+': 476, '+-': 683, '++': 1561}
  => looks responsive

Wrote /home1/halbertb/Q3CIBC/results/diag_c02_none_control_raw.json
===== diagnose c03_dropstatic =====
device=cuda  dataset=None  samples=3000

===== seed 0001 =====
PushTWidowXVideoDataset: 150 episodes, 72988 frames, camera=1, frame_stack=2, state_shape=(6, 240, 320), raw action range=[-0.008 -0.008] -> [0.008 0.008]
  idle_filter='none' -> 72988/72988 transitions kept (100.0%); zero-action share now 24.1%
  samples        3000
  act range      min=[-0.00800000037997961, -0.00800000037997961]  max=[0.00800000037997961, 0.00800000037997961]
  pred mean/std  mean=[ 0.0115 -0.0334] std=[0.4292 0.5199] frac_neg=[0.493 0.526]
  gt   mean/std  mean=[ 0.0098 -0.0314] std=[0.4212 0.5078] frac_neg=[0.252 0.321]
  corr(dx,dy)    -0.051   (≈1 => diagonal collapse)
  MAE vs gt      [0.0381 0.0443]
  pred quadrants {'--': 745, '-+': 734, '+-': 833, '++': 688}
  gt   quadrants {'--': 280, '-+': 476, '+-': 683, '++': 1561}
  => looks responsive

Wrote /home1/halbertb/Q3CIBC/results/diag_c03_dropstatic_raw.json
===== diagnose c04_subsample25 =====
device=cuda  dataset=None  samples=3000

===== seed 0001 =====
PushTWidowXVideoDataset: 150 episodes, 72988 frames, camera=1, frame_stack=2, state_shape=(6, 240, 320), raw action range=[-0.008 -0.008] -> [0.008 0.008]
  idle_filter='none' -> 72988/72988 transitions kept (100.0%); zero-action share now 24.1%
  samples        3000
  act range      min=[-0.00800000037997961, -0.00800000037997961]  max=[0.00800000037997961, 0.00800000037997961]
  pred mean/std  mean=[ 0.0167 -0.0332] std=[0.4374 0.5208] frac_neg=[0.482 0.525]
  gt   mean/std  mean=[ 0.0098 -0.0314] std=[0.4212 0.5078] frac_neg=[0.252 0.321]
  corr(dx,dy)    -0.042   (≈1 => diagonal collapse)
  MAE vs gt      [0.065  0.0687]
  pred quadrants {'--': 748, '-+': 697, '+-': 826, '++': 729}
  gt   quadrants {'--': 280, '-+': 476, '+-': 683, '++': 1561}
  => looks responsive

Wrote /home1/halbertb/Q3CIBC/results/diag_c04_subsample25_raw.json
===== diagnose c05_libero_recipe =====
device=cuda  dataset=None  samples=3000

===== seed 0001 =====
PushTWidowXVideoDataset: 150 episodes, 72988 frames, camera=1, frame_stack=2, state_shape=(6, 240, 320), raw action range=[-0.008 -0.008] -> [0.008 0.008]
  idle_filter='none' -> 72988/72988 transitions kept (100.0%); zero-action share now 24.1%
  samples        3000
  act range      min=[-0.00800000037997961, -0.00800000037997961]  max=[0.00800000037997961, 0.00800000037997961]
  pred mean/std  mean=[ 0.0152 -0.0374] std=[0.4463 0.5296] frac_neg=[0.48  0.531]
  gt   mean/std  mean=[ 0.0098 -0.0314] std=[0.4212 0.5078] frac_neg=[0.252 0.321]
  corr(dx,dy)    -0.056   (≈1 => diagonal collapse)
  MAE vs gt      [0.0744 0.0795]
  pred quadrants {'--': 752, '-+': 687, '+-': 841, '++': 720}
  gt   quadrants {'--': 280, '-+': 476, '+-': 683, '++': 1561}
  => looks responsive

Wrote /home1/halbertb/Q3CIBC/results/diag_c05_libero_recipe_raw.json
===== diagnose c06_hard_negatives =====
device=cuda  dataset=None  samples=3000

===== seed 0001 =====
PushTWidowXVideoDataset: 150 episodes, 72988 frames, camera=1, frame_stack=2, state_shape=(6, 240, 320), raw action range=[-0.008 -0.008] -> [0.008 0.008]
  idle_filter='none' -> 72988/72988 transitions kept (100.0%); zero-action share now 24.1%
  samples        3000
  act range      min=[-0.00800000037997961, -0.00800000037997961]  max=[0.00800000037997961, 0.00800000037997961]
  pred mean/std  mean=[ 0.0144 -0.0365] std=[0.4453 0.5336] frac_neg=[0.481 0.52 ]
  gt   mean/std  mean=[ 0.0098 -0.0314] std=[0.4212 0.5078] frac_neg=[0.252 0.321]
  corr(dx,dy)    -0.066   (≈1 => diagonal collapse)
  MAE vs gt      [0.0675 0.0764]
  pred quadrants {'--': 743, '-+': 699, '+-': 817, '++': 741}
  gt   quadrants {'--': 280, '-+': 476, '+-': 683, '++': 1561}
  => looks responsive

Wrote /home1/halbertb/Q3CIBC/results/diag_c06_hard_negatives_raw.json
===== diagnose c07_lowmse_cp100 =====
device=cuda  dataset=None  samples=3000

===== seed 0001 =====
PushTWidowXVideoDataset: 150 episodes, 72988 frames, camera=1, frame_stack=2, state_shape=(6, 240, 320), raw action range=[-0.008 -0.008] -> [0.008 0.008]
  idle_filter='none' -> 72988/72988 transitions kept (100.0%); zero-action share now 24.1%
  samples        3000
  act range      min=[-0.00800000037997961, -0.00800000037997961]  max=[0.00800000037997961, 0.00800000037997961]
  pred mean/std  mean=[ 0.0139 -0.0341] std=[0.4415 0.5287] frac_neg=[0.482 0.512]
  gt   mean/std  mean=[ 0.0098 -0.0314] std=[0.4212 0.5078] frac_neg=[0.252 0.321]
  corr(dx,dy)    -0.063   (≈1 => diagonal collapse)
  MAE vs gt      [0.0693 0.0763]
  pred quadrants {'--': 716, '-+': 731, '+-': 821, '++': 732}
  gt   quadrants {'--': 280, '-+': 476, '+-': 683, '++': 1561}
  => looks responsive

Wrote /home1/halbertb/Q3CIBC/results/diag_c07_lowmse_cp100_raw.json
===== diagnose c08_dropzero_aug =====
device=cuda  dataset=None  samples=3000

===== seed 0001 =====
PushTWidowXVideoDataset: 150 episodes, 72988 frames, camera=1, frame_stack=2, state_shape=(6, 240, 320), raw action range=[-0.008 -0.008] -> [0.008 0.008]
  idle_filter='none' -> 72988/72988 transitions kept (100.0%); zero-action share now 24.1%
  samples        3000
  act range      min=[-0.00800000037997961, -0.00800000037997961]  max=[0.00800000037997961, 0.00800000037997961]
  pred mean/std  mean=[-0.0018 -0.043 ] std=[0.4597 0.558 ] frac_neg=[0.491 0.541]
  gt   mean/std  mean=[ 0.0098 -0.0314] std=[0.4212 0.5078] frac_neg=[0.252 0.321]
  corr(dx,dy)    -0.031   (≈1 => diagonal collapse)
  MAE vs gt      [0.1536 0.1646]
  pred quadrants {'--': 798, '-+': 675, '+-': 826, '++': 701}
  gt   quadrants {'--': 280, '-+': 476, '+-': 683, '++': 1561}
  => looks responsive

Wrote /home1/halbertb/Q3CIBC/results/diag_c08_dropzero_aug_raw.json
===== diagnose c09_condxy_dropzero =====
device=cuda  dataset=None  samples=3000

===== seed 0001 =====
PushTWidowXVideoDataset: 150 episodes, 72988 frames, camera=1, frame_stack=2, state_shape=(6, 240, 320), raw action range=[-0.008 -0.008] -> [0.008 0.008]
  idle_filter='none' -> 72988/72988 transitions kept (100.0%); zero-action share now 24.1%
  samples        3000
  act range      min=[-0.00800000037997961, -0.00800000037997961]  max=[0.00800000037997961, 0.00800000037997961]
  pred mean/std  mean=[ 0.0156 -0.0408] std=[0.443  0.5324] frac_neg=[0.472 0.524]
  gt   mean/std  mean=[ 0.0098 -0.0314] std=[0.4212 0.5078] frac_neg=[0.252 0.321]
  corr(dx,dy)    -0.051   (≈1 => diagonal collapse)
  MAE vs gt      [0.0671 0.075 ]
  pred quadrants {'--': 740, '-+': 677, '+-': 832, '++': 751}
  gt   quadrants {'--': 280, '-+': 476, '+-': 683, '++': 1561}
  => looks responsive

Wrote /home1/halbertb/Q3CIBC/results/diag_c09_condxy_dropzero_raw.json
===== diagnose c10_condxy_nofilter =====
device=cuda  dataset=None  samples=3000

===== seed 0001 =====
PushTWidowXVideoDataset: 150 episodes, 72988 frames, camera=1, frame_stack=2, state_shape=(6, 240, 320), raw action range=[-0.008 -0.008] -> [0.008 0.008]
  idle_filter='none' -> 72988/72988 transitions kept (100.0%); zero-action share now 24.1%
  samples        3000
  act range      min=[-0.00800000037997961, -0.00800000037997961]  max=[0.00800000037997961, 0.00800000037997961]
  pred mean/std  mean=[ 0.0085 -0.0321] std=[0.4249 0.5159] frac_neg=[0.514 0.524]
  gt   mean/std  mean=[ 0.0098 -0.0314] std=[0.4212 0.5078] frac_neg=[0.252 0.321]
  corr(dx,dy)    -0.056   (≈1 => diagonal collapse)
  MAE vs gt      [0.038  0.0425]
  pred quadrants {'--': 800, '-+': 742, '+-': 773, '++': 685}
  gt   quadrants {'--': 280, '-+': 476, '+-': 683, '++': 1561}
  => looks responsive

Wrote /home1/halbertb/Q3CIBC/results/diag_c10_condxy_nofilter_raw.json
