===== diagnose d01_eps_s11_dropzero (ddpm) =====
device=cuda  dataset=None  samples=3000  sampler=ddpm

===== seed 0001 =====
PushTWidowXVideoDataset: 150 episodes, 72988 frames, camera=1, frame_stack=2, state_shape=(6, 240, 320), raw action range=[-0.008 -0.008] -> [0.008 0.008]
  idle_filter='none' -> 72988/72988 transitions kept (100.0%); zero-action share now 24.1%
  samples        3000  (ddpm, epsilon-pred, 4 draws)
  act range      min=[-0.00800000037997961, -0.00800000037997961]  max=[0.00800000037997961, 0.00800000037997961]
  pred mean/std  mean=[ 0.012  -0.0367] std=[0.4347 0.5216] frac_neg=[0.485 0.535]
  gt   mean/std  mean=[ 0.0098 -0.0314] std=[0.4212 0.5078] frac_neg=[0.252 0.321]
  corr(dx,dy)    -0.047   (≈1 => diagonal collapse)
  MAE vs gt      [0.0527 0.0638]
  sampling spread 0.0195   (≈0 => no diversity)
  zero-share     pred=0.002  gt=0.257
  pred quadrants {'--': 765, '-+': 689, '+-': 840, '++': 706}
  gt   quadrants {'--': 280, '-+': 476, '+-': 683, '++': 1561}
  => looks responsive

Wrote /home1/halbertb/Q3CIBC/results/diag_d01_eps_s11_dropzero_ddpm.json
===== diagnose d02_eps_s29_dropzero (ddpm) =====
device=cuda  dataset=None  samples=3000  sampler=ddpm

===== seed 0001 =====
PushTWidowXVideoDataset: 150 episodes, 72988 frames, camera=1, frame_stack=2, state_shape=(6, 240, 320), raw action range=[-0.008 -0.008] -> [0.008 0.008]
  idle_filter='none' -> 72988/72988 transitions kept (100.0%); zero-action share now 24.1%
  samples        3000  (ddpm, epsilon-pred, 4 draws)
  act range      min=[-0.00800000037997961, -0.00800000037997961]  max=[0.00800000037997961, 0.00800000037997961]
  pred mean/std  mean=[ 0.0136 -0.0366] std=[0.4346 0.522 ] frac_neg=[0.47 0.52]
  gt   mean/std  mean=[ 0.0098 -0.0314] std=[0.4212 0.5078] frac_neg=[0.252 0.321]
  corr(dx,dy)    -0.046   (≈1 => diagonal collapse)
  MAE vs gt      [0.0514 0.0631]
  sampling spread 0.0184   (≈0 => no diversity)
  zero-share     pred=0.003  gt=0.257
  pred quadrants {'--': 723, '-+': 686, '+-': 836, '++': 755}
  gt   quadrants {'--': 280, '-+': 476, '+-': 683, '++': 1561}
  => looks responsive

Wrote /home1/halbertb/Q3CIBC/results/diag_d02_eps_s29_dropzero_ddpm.json
===== diagnose d03_vpred_s11_dropzero (ddpm) =====
device=cuda  dataset=None  samples=3000  sampler=ddpm

===== seed 0001 =====
PushTWidowXVideoDataset: 150 episodes, 72988 frames, camera=1, frame_stack=2, state_shape=(6, 240, 320), raw action range=[-0.008 -0.008] -> [0.008 0.008]
  idle_filter='none' -> 72988/72988 transitions kept (100.0%); zero-action share now 24.1%
  samples        3000  (ddpm, v-pred, 4 draws)
  act range      min=[-0.00800000037997961, -0.00800000037997961]  max=[0.00800000037997961, 0.00800000037997961]
  pred mean/std  mean=[ 0.0106 -0.0373] std=[0.4358 0.5218] frac_neg=[0.488 0.521]
  gt   mean/std  mean=[ 0.0098 -0.0314] std=[0.4212 0.5078] frac_neg=[0.252 0.321]
  corr(dx,dy)    -0.047   (≈1 => diagonal collapse)
  MAE vs gt      [0.0508 0.0605]
  sampling spread 0.0170   (≈0 => no diversity)
  zero-share     pred=0.001  gt=0.257
  pred quadrants {'--': 722, '-+': 743, '+-': 841, '++': 694}
  gt   quadrants {'--': 280, '-+': 476, '+-': 683, '++': 1561}
  => looks responsive

Wrote /home1/halbertb/Q3CIBC/results/diag_d03_vpred_s11_dropzero_ddpm.json
===== diagnose d04_vpred_s29_dropzero (ddpm) =====
device=cuda  dataset=None  samples=3000  sampler=ddpm

===== seed 0001 =====
PushTWidowXVideoDataset: 150 episodes, 72988 frames, camera=1, frame_stack=2, state_shape=(6, 240, 320), raw action range=[-0.008 -0.008] -> [0.008 0.008]
  idle_filter='none' -> 72988/72988 transitions kept (100.0%); zero-action share now 24.1%
  samples        3000  (ddpm, v-pred, 4 draws)
  act range      min=[-0.00800000037997961, -0.00800000037997961]  max=[0.00800000037997961, 0.00800000037997961]
  pred mean/std  mean=[ 0.013  -0.0366] std=[0.4345 0.5212] frac_neg=[0.47  0.529]
  gt   mean/std  mean=[ 0.0098 -0.0314] std=[0.4212 0.5078] frac_neg=[0.252 0.321]
  corr(dx,dy)    -0.046   (≈1 => diagonal collapse)
  MAE vs gt      [0.0507 0.0604]
  sampling spread 0.0176   (≈0 => no diversity)
  zero-share     pred=0.001  gt=0.257
  pred quadrants {'--': 720, '-+': 691, '+-': 868, '++': 721}
  gt   quadrants {'--': 280, '-+': 476, '+-': 683, '++': 1561}
  => looks responsive

Wrote /home1/halbertb/Q3CIBC/results/diag_d04_vpred_s29_dropzero_ddpm.json
===== diagnose d05_vpred_s11_none (ddpm) =====
device=cuda  dataset=None  samples=3000  sampler=ddpm

===== seed 0001 =====
PushTWidowXVideoDataset: 150 episodes, 72988 frames, camera=1, frame_stack=2, state_shape=(6, 240, 320), raw action range=[-0.008 -0.008] -> [0.008 0.008]
  idle_filter='none' -> 72988/72988 transitions kept (100.0%); zero-action share now 24.1%
  samples        3000  (ddpm, v-pred, 4 draws)
  act range      min=[-0.00800000037997961, -0.00800000037997961]  max=[0.00800000037997961, 0.00800000037997961]
  pred mean/std  mean=[ 0.0112 -0.0324] std=[0.4205 0.5061] frac_neg=[0.486 0.507]
  gt   mean/std  mean=[ 0.0098 -0.0314] std=[0.4212 0.5078] frac_neg=[0.252 0.321]
  corr(dx,dy)    -0.047   (≈1 => diagonal collapse)
  MAE vs gt      [0.0199 0.0245]
  sampling spread 0.0171   (≈0 => no diversity)
  zero-share     pred=0.078  gt=0.257
  pred quadrants {'--': 724, '-+': 733, '+-': 796, '++': 747}
  gt   quadrants {'--': 280, '-+': 476, '+-': 683, '++': 1561}
  => looks responsive

Wrote /home1/halbertb/Q3CIBC/results/diag_d05_vpred_s11_none_ddpm.json
===== diagnose d06_eps_s11_none (ddpm) =====
device=cuda  dataset=None  samples=3000  sampler=ddpm

===== seed 0001 =====
PushTWidowXVideoDataset: 150 episodes, 72988 frames, camera=1, frame_stack=2, state_shape=(6, 240, 320), raw action range=[-0.008 -0.008] -> [0.008 0.008]
  idle_filter='none' -> 72988/72988 transitions kept (100.0%); zero-action share now 24.1%
  samples        3000  (ddpm, epsilon-pred, 4 draws)
  act range      min=[-0.00800000037997961, -0.00800000037997961]  max=[0.00800000037997961, 0.00800000037997961]
  pred mean/std  mean=[ 0.0114 -0.0321] std=[0.4192 0.5045] frac_neg=[0.481 0.511]
  gt   mean/std  mean=[ 0.0098 -0.0314] std=[0.4212 0.5078] frac_neg=[0.252 0.321]
  corr(dx,dy)    -0.046   (≈1 => diagonal collapse)
  MAE vs gt      [0.0242 0.0303]
  sampling spread 0.0205   (≈0 => no diversity)
  zero-share     pred=0.109  gt=0.257
  pred quadrants {'--': 727, '-+': 716, '+-': 807, '++': 750}
  gt   quadrants {'--': 280, '-+': 476, '+-': 683, '++': 1561}
  => looks responsive

Wrote /home1/halbertb/Q3CIBC/results/diag_d06_eps_s11_none_ddpm.json
