(q3c_deploy) liralab-widowx@liralabwidowx-Alienware-Aurora-R16:~/Q3CIBC$ python scripts/deploy_pusht_real.py --seed-dir checkpoints/pusht_new/c09_condxy_dropzero --device cpu --steps 200 --log-dir results/roll_c09_z --action-mode 3trans --z-hold 0.0197 
Loaded weights (EMA) from /home/liralab-widowx/Q3CIBC/checkpoints/pusht_new/c09_condxy_dropzero
  frame_stack=2 cameras=('video1',) model_hw=(240,320) in_channels=6
  cp_selection=argmax (temp=1.0)  device=cpu
  act_min=[-0.008 -0.008] act_max=[0.008 0.008] norm_range=(-1.0, 1.0)
  cond_dim=2 (eef_xy, min=[ 0.09446554 -0.37640506] max=[0.4906645 0.3384875])
/home/liralab-widowx/anaconda3/envs/q3c_deploy/lib/python3.12/site-packages/edgeml/__init__.py
WidowX SDK: widowx_envs.widowx_env_service (/home/liralab-widowx/bridge_data_robot_pusht/widowx_envs/widowx_envs/widowx_env_service.py)
Camera topics: ['/blue/image_raw']
action_mode=3trans lock_z=True fixed_z_height=0.02 move_duration=0.1
DEBUG:root:Req-rep client is connecting to localhost:5556
Initialized widowx client.
[INFO] Server already has a live env; skipping init() and reusing it. (Re-initializing with different env_params is what triggers 'Incompatible config with hash with server'.)
[WARN] The live env keeps the env_params it was FIRST initialized with -- not the ones printed above. If the robot behaves as though action_mode/lock_z/etc. differ, restart `widowx_env_service --server` and re-run to apply ours.
WidowX connection established.
Reset done (itraj=0).
Gripper commanded to 0.0 (0=closed,1=open); status=SUCCESS
[INFO] Moving EEF to demo start pose (x=0.117, y=-0.019, z=0.020)...
[SAFETY] Approach floor ARMED: EEF x will never go below 0.1171 m (closer to the robot than the start).
Blue frame: raw (480, 640, 3)
Forensic log -> results/roll_c09_z
Closed-loop control up to 200 steps, blocking=True, step_duration=0.1s. Keep a hand on the E-stop.
Press [Enter] to start.
[SAFETY] approach floor: clipped dx at x=0.1096 (floor=0.1171)
WARNING:root:Failed to send message: Resource temporarily unavailable
DEBUG:root:WARNING: No res from server. reset socket.
Stopped after 1 steps.
Traceback (most recent call last):
  File "/home/liralab-widowx/Q3CIBC/scripts/deploy_pusht_real.py", line 993, in <module>
    raise SystemExit(main())
                     ^^^^^^
  File "/home/liralab-widowx/Q3CIBC/scripts/deploy_pusht_real.py", line 953, in main
    raise RuntimeError(
RuntimeError: WidowX step_action failed: status=NO_CONNECTION, env_action=[0.007477496661051949, 0.00742278341203928, 0.0036089571597868533, 0.0]
