==========================================
Batch:   pushtWidowXdpCam1_resnet350k
Tag:     001
Node:    a02-01
JobId:   10590752
Start:   Sat Jul 25 22:18:16 PDT 2026
==========================================
Dataset:    /home1/halbertb/Q3CIBC/data/pusht_widowx_data.zip  (format=zarr_video)
Seed:       11   tag=e01_resnet18_s11_350k
Pred type:  v
Idle filter:drop_zero (eps=0.0)
Config:     /home1/halbertb/Q3CIBC/checkpoints/pusht_real_dp/e01_resnet18_s11_350k/config.json
Checkpoints:/home1/halbertb/Q3CIBC/checkpoints/pusht_real_dp/e01_resnet18_s11_350k
PushTWidowXVideoDataset: 150 episodes, 72988 frames, cameras=[1], frame_stack=2, action_chunk=1, action_shape=2, state_shape=(6, 240, 320), raw action range=[-0.008 -0.008] -> [0.008 0.008]
  split=train (15/150 episodes held out); idle_filter='drop_zero' -> 49981/72988 transitions kept (68.5%); zero-action share now 0.0%
PushTWidowXVideoDataset: 150 episodes, 72988 frames, cameras=[1], frame_stack=2, action_chunk=1, action_shape=2, state_shape=(6, 240, 320), raw action range=[-0.008 -0.008] -> [0.008 0.008]
  split=val (15/150 episodes held out); idle_filter='drop_zero' -> 5440/72988 transitions kept (7.5%); zero-action share now 0.0%
Held-out val: 5440 samples (10% of episodes, seed 0)
PixelDiffusionDenoiser (resnet18-imagenet x1cam + DenseResnet 1024x1, v-pred): 13,248,642 params
Training 350000 steps: batch=128, lr=0.0003 (cosine -> 1e-06), T=100 cosine, EMA 0.999
  Step 500/350000 | Loss: 0.414111 | LR: 3.00e-04 | 202.9s
  Step 1000/350000 | Loss: 0.292084 | LR: 3.00e-04 | 375.2s
  Step 1500/350000 | Loss: 0.258909 | LR: 3.00e-04 | 549.9s
  Step 2000/350000 | Loss: 0.232708 | LR: 3.00e-04 | 720.6s
  Step 2500/350000 | Loss: 0.216138 | LR: 3.00e-04 | 893.0s
  Step 3000/350000 | Loss: 0.202359 | LR: 3.00e-04 | 1065.2s
  Step 3500/350000 | Loss: 0.190413 | LR: 3.00e-04 | 1237.8s
  Step 4000/350000 | Loss: 0.184213 | LR: 3.00e-04 | 1408.5s
  Step 4500/350000 | Loss: 0.178333 | LR: 3.00e-04 | 1579.0s
  Step 5000/350000 | Loss: 0.171031 | LR: 3.00e-04 | 1750.4s
  Step 5500/350000 | Loss: 0.165738 | LR: 3.00e-04 | 1924.3s
  Step 6000/350000 | Loss: 0.159573 | LR: 3.00e-04 | 2098.6s
  Step 6500/350000 | Loss: 0.156667 | LR: 3.00e-04 | 2271.8s
  Step 7000/350000 | Loss: 0.150814 | LR: 3.00e-04 | 2444.4s
  Step 7500/350000 | Loss: 0.144044 | LR: 3.00e-04 | 2619.0s
  Step 8000/350000 | Loss: 0.140913 | LR: 3.00e-04 | 2793.1s
  Step 8500/350000 | Loss: 0.137460 | LR: 3.00e-04 | 2966.0s
  Step 9000/350000 | Loss: 0.131420 | LR: 3.00e-04 | 3140.1s
  Step 9500/350000 | Loss: 0.126785 | LR: 2.99e-04 | 3308.6s
  Step 10000/350000 | Loss: 0.125311 | LR: 2.99e-04 | 3474.0s
  Step 10500/350000 | Loss: 0.122471 | LR: 2.99e-04 | 3639.9s
  Step 11000/350000 | Loss: 0.116762 | LR: 2.99e-04 | 3818.8s
  Step 11500/350000 | Loss: 0.114917 | LR: 2.99e-04 | 3999.1s
  Step 12000/350000 | Loss: 0.108346 | LR: 2.99e-04 | 4177.3s
  Step 12500/350000 | Loss: 0.106445 | LR: 2.99e-04 | 4354.0s
  Step 13000/350000 | Loss: 0.106932 | LR: 2.99e-04 | 4529.4s
  Step 13500/350000 | Loss: 0.105717 | LR: 2.99e-04 | 4705.0s
  Step 14000/350000 | Loss: 0.104087 | LR: 2.99e-04 | 4881.2s
  Step 14500/350000 | Loss: 0.103119 | LR: 2.99e-04 | 5059.7s
  Step 15000/350000 | Loss: 0.099491 | LR: 2.99e-04 | 5240.7s
  Step 15500/350000 | Loss: 0.095823 | LR: 2.99e-04 | 5423.1s
  Step 16000/350000 | Loss: 0.094723 | LR: 2.98e-04 | 5605.8s
  Step 16500/350000 | Loss: 0.093367 | LR: 2.98e-04 | 5784.6s
  Step 17000/350000 | Loss: 0.091668 | LR: 2.98e-04 | 5964.8s
  Step 17500/350000 | Loss: 0.090608 | LR: 2.98e-04 | 6144.7s
  Step 18000/350000 | Loss: 0.089364 | LR: 2.98e-04 | 6326.0s
  Step 18500/350000 | Loss: 0.086341 | LR: 2.98e-04 | 6507.4s
  Step 19000/350000 | Loss: 0.089680 | LR: 2.98e-04 | 6690.9s
  Step 19500/350000 | Loss: 0.086458 | LR: 2.98e-04 | 6873.7s
  Step 20000/350000 | Loss: 0.086272 | LR: 2.98e-04 | 7054.8s
  Step 20500/350000 | Loss: 0.084131 | LR: 2.97e-04 | 7233.9s
  Step 21000/350000 | Loss: 0.084406 | LR: 2.97e-04 | 7413.2s
  Step 21500/350000 | Loss: 0.083920 | LR: 2.97e-04 | 7592.9s
  Step 22000/350000 | Loss: 0.082019 | LR: 2.97e-04 | 7769.2s
  Step 22500/350000 | Loss: 0.081332 | LR: 2.97e-04 | 7941.9s
  Step 23000/350000 | Loss: 0.079876 | LR: 2.97e-04 | 8131.2s
  Step 23500/350000 | Loss: 0.080734 | LR: 2.97e-04 | 8325.6s
  Step 24000/350000 | Loss: 0.079063 | LR: 2.97e-04 | 8517.2s
  Step 24500/350000 | Loss: 0.079067 | LR: 2.96e-04 | 8708.6s
  Step 25000/350000 | Loss: 0.075642 | LR: 2.96e-04 | 8900.7s
  [val] step 25000/350000 | held-out sampled-action MAE (ddim5): 0.75317
  Step 25500/350000 | Loss: 0.074328 | LR: 2.96e-04 | 9115.0s
  Step 26000/350000 | Loss: 0.077812 | LR: 2.96e-04 | 9312.0s
  Step 26500/350000 | Loss: 0.075841 | LR: 2.96e-04 | 9509.4s
  Step 27000/350000 | Loss: 0.075712 | LR: 2.96e-04 | 9705.7s
  Step 27500/350000 | Loss: 0.073921 | LR: 2.95e-04 | 9902.0s
  Step 28000/350000 | Loss: 0.072666 | LR: 2.95e-04 | 10096.5s
  Step 28500/350000 | Loss: 0.071921 | LR: 2.95e-04 | 10290.3s
  Step 29000/350000 | Loss: 0.070277 | LR: 2.95e-04 | 10484.1s
  Step 29500/350000 | Loss: 0.071823 | LR: 2.95e-04 | 10680.5s
  Step 30000/350000 | Loss: 0.072815 | LR: 2.95e-04 | 10878.8s
  Step 30500/350000 | Loss: 0.069407 | LR: 2.94e-04 | 11075.3s
  Step 31000/350000 | Loss: 0.070194 | LR: 2.94e-04 | 11270.6s
  Step 31500/350000 | Loss: 0.071692 | LR: 2.94e-04 | 11462.3s
  Step 32000/350000 | Loss: 0.069293 | LR: 2.94e-04 | 11653.8s
  Step 32500/350000 | Loss: 0.071028 | LR: 2.94e-04 | 11841.7s
  Step 33000/350000 | Loss: 0.068864 | LR: 2.93e-04 | 12028.5s
  Step 33500/350000 | Loss: 0.067350 | LR: 2.93e-04 | 12206.8s
  Step 34000/350000 | Loss: 0.068807 | LR: 2.93e-04 | 12372.4s
  Step 34500/350000 | Loss: 0.066602 | LR: 2.93e-04 | 12540.0s
  Step 35000/350000 | Loss: 0.067005 | LR: 2.93e-04 | 12707.6s
  Step 35500/350000 | Loss: 0.065164 | LR: 2.92e-04 | 12875.8s
  Step 36000/350000 | Loss: 0.066599 | LR: 2.92e-04 | 13043.2s
  Step 36500/350000 | Loss: 0.067239 | LR: 2.92e-04 | 13211.4s
  Step 37000/350000 | Loss: 0.068304 | LR: 2.92e-04 | 13378.5s
  Step 37500/350000 | Loss: 0.064775 | LR: 2.92e-04 | 13546.2s
  Step 38000/350000 | Loss: 0.064941 | LR: 2.91e-04 | 13721.0s
  Step 38500/350000 | Loss: 0.065636 | LR: 2.91e-04 | 13896.7s
  Step 39000/350000 | Loss: 0.064360 | LR: 2.91e-04 | 14072.0s
  Step 39500/350000 | Loss: 0.061673 | LR: 2.91e-04 | 14240.9s
  Step 40000/350000 | Loss: 0.062824 | LR: 2.90e-04 | 14412.1s
  Step 40500/350000 | Loss: 0.061061 | LR: 2.90e-04 | 14589.1s
  Step 41000/350000 | Loss: 0.060802 | LR: 2.90e-04 | 14765.2s
  Step 41500/350000 | Loss: 0.060758 | LR: 2.90e-04 | 14941.4s
  Step 42000/350000 | Loss: 0.061978 | LR: 2.90e-04 | 15120.9s
  Step 42500/350000 | Loss: 0.060960 | LR: 2.89e-04 | 15300.5s
  Step 43000/350000 | Loss: 0.060665 | LR: 2.89e-04 | 15481.8s
  Step 43500/350000 | Loss: 0.060168 | LR: 2.89e-04 | 15662.6s
  Step 44000/350000 | Loss: 0.060936 | LR: 2.88e-04 | 15843.4s
  Step 44500/350000 | Loss: 0.060160 | LR: 2.88e-04 | 16025.3s
  Step 45000/350000 | Loss: 0.058543 | LR: 2.88e-04 | 16205.0s
  Step 45500/350000 | Loss: 0.059479 | LR: 2.88e-04 | 16385.4s
  Step 46000/350000 | Loss: 0.060794 | LR: 2.87e-04 | 16565.2s
  Step 46500/350000 | Loss: 0.058293 | LR: 2.87e-04 | 16747.3s
  Step 47000/350000 | Loss: 0.058134 | LR: 2.87e-04 | 16928.5s
  Step 47500/350000 | Loss: 0.057675 | LR: 2.87e-04 | 17108.9s
  Step 48000/350000 | Loss: 0.058589 | LR: 2.86e-04 | 17290.8s
  Step 48500/350000 | Loss: 0.059142 | LR: 2.86e-04 | 17469.4s
  Step 49000/350000 | Loss: 0.058275 | LR: 2.86e-04 | 17648.0s
  Step 49500/350000 | Loss: 0.056516 | LR: 2.85e-04 | 17825.6s
  Step 50000/350000 | Loss: 0.056335 | LR: 2.85e-04 | 18004.1s
  [val] step 50000/350000 | held-out sampled-action MAE (ddim5): 0.47257
  Step 50500/350000 | Loss: 0.054311 | LR: 2.85e-04 | 18203.3s
  Step 51000/350000 | Loss: 0.055284 | LR: 2.85e-04 | 18375.2s
  Step 51500/350000 | Loss: 0.054819 | LR: 2.84e-04 | 18567.5s
  Step 52000/350000 | Loss: 0.055064 | LR: 2.84e-04 | 18763.3s
  Step 52500/350000 | Loss: 0.054952 | LR: 2.84e-04 | 18957.9s
  Step 53000/350000 | Loss: 0.054083 | LR: 2.83e-04 | 19150.7s
  Step 53500/350000 | Loss: 0.054866 | LR: 2.83e-04 | 19344.3s
  Step 54000/350000 | Loss: 0.053829 | LR: 2.83e-04 | 19538.4s
  Step 54500/350000 | Loss: 0.053727 | LR: 2.82e-04 | 19734.1s
  Step 55000/350000 | Loss: 0.054045 | LR: 2.82e-04 | 19930.8s
  Step 55500/350000 | Loss: 0.053908 | LR: 2.82e-04 | 20129.4s
  Step 56000/350000 | Loss: 0.053806 | LR: 2.82e-04 | 20324.2s
  Step 56500/350000 | Loss: 0.053240 | LR: 2.81e-04 | 20518.6s
  Step 57000/350000 | Loss: 0.053228 | LR: 2.81e-04 | 20715.0s
  Step 57500/350000 | Loss: 0.054232 | LR: 2.81e-04 | 20909.5s
  Step 58000/350000 | Loss: 0.052618 | LR: 2.80e-04 | 21103.9s
  Step 58500/350000 | Loss: 0.054063 | LR: 2.80e-04 | 21299.7s
  Step 59000/350000 | Loss: 0.052488 | LR: 2.80e-04 | 21496.2s
  Step 59500/350000 | Loss: 0.051994 | LR: 2.79e-04 | 21693.4s
  Step 60000/350000 | Loss: 0.051724 | LR: 2.79e-04 | 21891.4s
  Step 60500/350000 | Loss: 0.051421 | LR: 2.78e-04 | 22089.3s
  Step 61000/350000 | Loss: 0.049001 | LR: 2.78e-04 | 22284.7s
  Step 61500/350000 | Loss: 0.050089 | LR: 2.78e-04 | 22470.0s
  Step 62000/350000 | Loss: 0.050860 | LR: 2.77e-04 | 22636.4s
  Step 62500/350000 | Loss: 0.050659 | LR: 2.77e-04 | 22807.8s
  Step 63000/350000 | Loss: 0.050909 | LR: 2.77e-04 | 22983.0s
  Step 63500/350000 | Loss: 0.051288 | LR: 2.76e-04 | 23157.0s
  Step 64000/350000 | Loss: 0.050220 | LR: 2.76e-04 | 23332.6s
  Step 64500/350000 | Loss: 0.050584 | LR: 2.76e-04 | 23508.3s
  Step 65000/350000 | Loss: 0.049535 | LR: 2.75e-04 | 23682.9s
  Step 65500/350000 | Loss: 0.050789 | LR: 2.75e-04 | 23858.0s
  Step 66000/350000 | Loss: 0.049270 | LR: 2.75e-04 | 24031.8s
  Step 66500/350000 | Loss: 0.049915 | LR: 2.74e-04 | 24206.0s
  Step 67000/350000 | Loss: 0.048263 | LR: 2.74e-04 | 24379.0s
  Step 67500/350000 | Loss: 0.048692 | LR: 2.73e-04 | 24554.0s
  Step 68000/350000 | Loss: 0.050364 | LR: 2.73e-04 | 24727.9s
  Step 68500/350000 | Loss: 0.048116 | LR: 2.73e-04 | 24903.0s
  Step 69000/350000 | Loss: 0.048410 | LR: 2.72e-04 | 25080.4s
  Step 69500/350000 | Loss: 0.047299 | LR: 2.72e-04 | 25256.5s
  Step 70000/350000 | Loss: 0.046910 | LR: 2.71e-04 | 25432.9s
  Step 70500/350000 | Loss: 0.048891 | LR: 2.71e-04 | 25609.2s
  Step 71000/350000 | Loss: 0.048357 | LR: 2.71e-04 | 25786.3s
  Step 71500/350000 | Loss: 0.047756 | LR: 2.70e-04 | 25961.7s
  Step 72000/350000 | Loss: 0.047031 | LR: 2.70e-04 | 26137.0s
  Step 72500/350000 | Loss: 0.047402 | LR: 2.69e-04 | 26310.4s
  Step 73000/350000 | Loss: 0.046498 | LR: 2.69e-04 | 26483.4s
  Step 73500/350000 | Loss: 0.045169 | LR: 2.69e-04 | 26660.5s
  Step 74000/350000 | Loss: 0.044722 | LR: 2.68e-04 | 26842.4s
  Step 74500/350000 | Loss: 0.044540 | LR: 2.68e-04 | 27022.9s
  Step 75000/350000 | Loss: 0.045394 | LR: 2.67e-04 | 27202.0s
  [val] step 75000/350000 | held-out sampled-action MAE (ddim5): 0.45284
  Step 75500/350000 | Loss: 0.046446 | LR: 2.67e-04 | 27403.0s
  Step 76000/350000 | Loss: 0.046065 | LR: 2.67e-04 | 27584.6s
  Step 76500/350000 | Loss: 0.045024 | LR: 2.66e-04 | 27765.5s
  Step 77000/350000 | Loss: 0.045686 | LR: 2.66e-04 | 27945.0s
  Step 77500/350000 | Loss: 0.043974 | LR: 2.65e-04 | 28125.4s
  Step 78000/350000 | Loss: 0.046264 | LR: 2.65e-04 | 28306.7s
  Step 78500/350000 | Loss: 0.045547 | LR: 2.64e-04 | 28490.5s
  Step 79000/350000 | Loss: 0.043320 | LR: 2.64e-04 | 28673.5s
  Step 79500/350000 | Loss: 0.044632 | LR: 2.64e-04 | 28856.4s
  Step 80000/350000 | Loss: 0.045044 | LR: 2.63e-04 | 29040.2s
  Step 80500/350000 | Loss: 0.045015 | LR: 2.63e-04 | 29223.1s
  Step 81000/350000 | Loss: 0.044361 | LR: 2.62e-04 | 29404.9s
  Step 81500/350000 | Loss: 0.043145 | LR: 2.62e-04 | 29584.5s
  Step 82000/350000 | Loss: 0.045062 | LR: 2.61e-04 | 29768.3s
  Step 82500/350000 | Loss: 0.043494 | LR: 2.61e-04 | 29949.3s
  Step 83000/350000 | Loss: 0.043594 | LR: 2.60e-04 | 30129.1s
  Step 83500/350000 | Loss: 0.041457 | LR: 2.60e-04 | 30302.4s
  Step 84000/350000 | Loss: 0.042206 | LR: 2.59e-04 | 30489.2s
  Step 84500/350000 | Loss: 0.042624 | LR: 2.59e-04 | 30679.1s
  Step 85000/350000 | Loss: 0.042604 | LR: 2.59e-04 | 30869.9s
  Step 85500/350000 | Loss: 0.041051 | LR: 2.58e-04 | 31060.5s
  Step 86000/350000 | Loss: 0.041650 | LR: 2.58e-04 | 31250.9s
  Step 86500/350000 | Loss: 0.041676 | LR: 2.57e-04 | 31441.5s
  Step 87000/350000 | Loss: 0.042607 | LR: 2.57e-04 | 31634.7s
  Step 87500/350000 | Loss: 0.041117 | LR: 2.56e-04 | 31827.3s
  Step 88000/350000 | Loss: 0.041624 | LR: 2.56e-04 | 32020.7s
  Step 88500/350000 | Loss: 0.041016 | LR: 2.55e-04 | 32213.9s
  Step 89000/350000 | Loss: 0.041237 | LR: 2.55e-04 | 32407.7s
  Step 89500/350000 | Loss: 0.041978 | LR: 2.54e-04 | 32601.2s
  Step 90000/350000 | Loss: 0.042036 | LR: 2.54e-04 | 32794.6s
  Step 90500/350000 | Loss: 0.039355 | LR: 2.53e-04 | 32988.6s
  Step 91000/350000 | Loss: 0.040438 | LR: 2.53e-04 | 33183.3s
  Step 91500/350000 | Loss: 0.040509 | LR: 2.52e-04 | 33377.4s
  Step 92000/350000 | Loss: 0.040539 | LR: 2.52e-04 | 33570.3s
  Step 92500/350000 | Loss: 0.039205 | LR: 2.51e-04 | 33767.4s
  Step 93000/350000 | Loss: 0.039791 | LR: 2.51e-04 | 33963.0s
  Step 93500/350000 | Loss: 0.041377 | LR: 2.50e-04 | 34156.5s
  Step 94000/350000 | Loss: 0.039550 | LR: 2.50e-04 | 34325.1s
  Step 94500/350000 | Loss: 0.039915 | LR: 2.49e-04 | 34491.4s
  Step 95000/350000 | Loss: 0.039212 | LR: 2.49e-04 | 34659.1s
  Step 95500/350000 | Loss: 0.038454 | LR: 2.48e-04 | 34825.7s
  Step 96000/350000 | Loss: 0.039422 | LR: 2.48e-04 | 34993.4s
  Step 96500/350000 | Loss: 0.040416 | LR: 2.47e-04 | 35160.2s
  Step 97000/350000 | Loss: 0.039209 | LR: 2.47e-04 | 35327.8s
  Step 97500/350000 | Loss: 0.037918 | LR: 2.46e-04 | 35495.1s
  Step 98000/350000 | Loss: 0.036545 | LR: 2.46e-04 | 35662.4s
  Step 98500/350000 | Loss: 0.040088 | LR: 2.45e-04 | 35830.1s
  Step 99000/350000 | Loss: 0.037485 | LR: 2.45e-04 | 35997.7s
  Step 99500/350000 | Loss: 0.037785 | LR: 2.44e-04 | 36165.7s
  Step 100000/350000 | Loss: 0.037031 | LR: 2.44e-04 | 36332.9s
  [val] step 100000/350000 | held-out sampled-action MAE (ddim5): 0.81000
  Step 100500/350000 | Loss: 0.039054 | LR: 2.43e-04 | 36523.5s
  Step 101000/350000 | Loss: 0.037938 | LR: 2.43e-04 | 36697.4s
  Step 101500/350000 | Loss: 0.038378 | LR: 2.42e-04 | 36868.8s
  Step 102000/350000 | Loss: 0.037692 | LR: 2.42e-04 | 37041.4s
  Step 102500/350000 | Loss: 0.037993 | LR: 2.41e-04 | 37209.8s
  Step 103000/350000 | Loss: 0.039585 | LR: 2.41e-04 | 37377.8s
  Step 103500/350000 | Loss: 0.038859 | LR: 2.40e-04 | 37546.4s
  Step 104000/350000 | Loss: 0.036218 | LR: 2.39e-04 | 37715.9s
  Step 104500/350000 | Loss: 0.037233 | LR: 2.39e-04 | 37886.7s
  Step 105000/350000 | Loss: 0.037189 | LR: 2.38e-04 | 38058.5s
  Step 105500/350000 | Loss: 0.036084 | LR: 2.38e-04 | 38229.6s
  Step 106000/350000 | Loss: 0.036013 | LR: 2.37e-04 | 38406.6s
  Step 106500/350000 | Loss: 0.036420 | LR: 2.37e-04 | 38580.6s
  Step 107000/350000 | Loss: 0.037437 | LR: 2.36e-04 | 38761.0s
  Step 107500/350000 | Loss: 0.037367 | LR: 2.36e-04 | 38939.8s
  Step 108000/350000 | Loss: 0.036384 | LR: 2.35e-04 | 39117.9s
  Step 108500/350000 | Loss: 0.035798 | LR: 2.35e-04 | 39298.4s
  Step 109000/350000 | Loss: 0.035611 | LR: 2.34e-04 | 39477.8s
  Step 109500/350000 | Loss: 0.034816 | LR: 2.33e-04 | 39658.4s
  Step 110000/350000 | Loss: 0.035519 | LR: 2.33e-04 | 39839.6s
  Step 110500/350000 | Loss: 0.036022 | LR: 2.32e-04 | 40019.8s
  Step 111000/350000 | Loss: 0.034488 | LR: 2.32e-04 | 40200.1s
  Step 111500/350000 | Loss: 0.034826 | LR: 2.31e-04 | 40381.1s
  Step 112000/350000 | Loss: 0.034683 | LR: 2.31e-04 | 40562.5s
  Step 112500/350000 | Loss: 0.034259 | LR: 2.30e-04 | 40743.3s
  Step 113000/350000 | Loss: 0.035114 | LR: 2.29e-04 | 40923.3s
  Step 113500/350000 | Loss: 0.034780 | LR: 2.29e-04 | 41102.6s
  Step 114000/350000 | Loss: 0.034049 | LR: 2.28e-04 | 41281.1s
  Step 114500/350000 | Loss: 0.035442 | LR: 2.28e-04 | 41460.5s
  Step 115000/350000 | Loss: 0.033531 | LR: 2.27e-04 | 41640.8s
  Step 115500/350000 | Loss: 0.035391 | LR: 2.27e-04 | 41819.0s
  Step 116000/350000 | Loss: 0.035136 | LR: 2.26e-04 | 41994.1s
  Step 116500/350000 | Loss: 0.033694 | LR: 2.25e-04 | 42161.7s
  Step 117000/350000 | Loss: 0.033631 | LR: 2.25e-04 | 42333.4s
  Step 117500/350000 | Loss: 0.034271 | LR: 2.24e-04 | 42505.0s
  Step 118000/350000 | Loss: 0.032725 | LR: 2.24e-04 | 42675.9s
  Step 118500/350000 | Loss: 0.032103 | LR: 2.23e-04 | 42852.8s
  Step 119000/350000 | Loss: 0.032016 | LR: 2.23e-04 | 43033.6s
  Step 119500/350000 | Loss: 0.033692 | LR: 2.22e-04 | 43212.5s
  Step 120000/350000 | Loss: 0.032549 | LR: 2.21e-04 | 43391.5s
  Step 120500/350000 | Loss: 0.033609 | LR: 2.21e-04 | 43572.6s
  Step 121000/350000 | Loss: 0.033450 | LR: 2.20e-04 | 43754.7s
  Step 121500/350000 | Loss: 0.032844 | LR: 2.20e-04 | 43936.8s
  Step 122000/350000 | Loss: 0.032142 | LR: 2.19e-04 | 44116.8s
  Step 122500/350000 | Loss: 0.032059 | LR: 2.18e-04 | 44296.9s
  Step 123000/350000 | Loss: 0.031976 | LR: 2.18e-04 | 44474.1s
  Step 123500/350000 | Loss: 0.032645 | LR: 2.17e-04 | 44657.6s
  Step 124000/350000 | Loss: 0.032754 | LR: 2.17e-04 | 44839.4s
  Step 124500/350000 | Loss: 0.031898 | LR: 2.16e-04 | 45019.7s
  Step 125000/350000 | Loss: 0.032190 | LR: 2.15e-04 | 45198.6s
  [val] step 125000/350000 | held-out sampled-action MAE (ddim5): 0.46273
  Step 125500/350000 | Loss: 0.031397 | LR: 2.15e-04 | 45398.7s
  Step 126000/350000 | Loss: 0.032990 | LR: 2.14e-04 | 45579.1s
  Step 126500/350000 | Loss: 0.031595 | LR: 2.14e-04 | 45756.1s
  Step 127000/350000 | Loss: 0.031044 | LR: 2.13e-04 | 45929.4s
  Step 127500/350000 | Loss: 0.031335 | LR: 2.12e-04 | 46098.7s
  Step 128000/350000 | Loss: 0.031467 | LR: 2.12e-04 | 46265.3s
  Step 128500/350000 | Loss: 0.030539 | LR: 2.11e-04 | 46432.4s
  Step 129000/350000 | Loss: 0.032569 | LR: 2.10e-04 | 46599.4s
  Step 129500/350000 | Loss: 0.031673 | LR: 2.10e-04 | 46767.4s
  Step 130000/350000 | Loss: 0.031601 | LR: 2.09e-04 | 46934.1s
  Step 130500/350000 | Loss: 0.030778 | LR: 2.09e-04 | 47101.0s
  Step 131000/350000 | Loss: 0.030912 | LR: 2.08e-04 | 47269.9s
  Step 131500/350000 | Loss: 0.030272 | LR: 2.07e-04 | 47443.0s
  Step 132000/350000 | Loss: 0.029041 | LR: 2.07e-04 | 47615.8s
  Step 132500/350000 | Loss: 0.029029 | LR: 2.06e-04 | 47788.1s
  Step 133000/350000 | Loss: 0.029551 | LR: 2.06e-04 | 47961.6s
  Step 133500/350000 | Loss: 0.029781 | LR: 2.05e-04 | 48134.9s
  Step 134000/350000 | Loss: 0.029782 | LR: 2.04e-04 | 48309.4s
  Step 134500/350000 | Loss: 0.029793 | LR: 2.04e-04 | 48485.1s
  Step 135000/350000 | Loss: 0.029334 | LR: 2.03e-04 | 48661.9s
  Step 135500/350000 | Loss: 0.030166 | LR: 2.02e-04 | 48834.2s
  Step 136000/350000 | Loss: 0.030105 | LR: 2.02e-04 | 49007.3s
  Step 136500/350000 | Loss: 0.029790 | LR: 2.01e-04 | 49181.1s
  Step 137000/350000 | Loss: 0.027695 | LR: 2.01e-04 | 49357.0s
  Step 137500/350000 | Loss: 0.028775 | LR: 2.00e-04 | 49531.2s
  Step 138000/350000 | Loss: 0.029568 | LR: 1.99e-04 | 49705.9s
  Step 138500/350000 | Loss: 0.029871 | LR: 1.99e-04 | 49878.1s
  Step 139000/350000 | Loss: 0.028551 | LR: 1.98e-04 | 50052.8s
  Step 139500/350000 | Loss: 0.028206 | LR: 1.97e-04 | 50233.2s
  Step 140000/350000 | Loss: 0.027587 | LR: 1.97e-04 | 50412.9s
  Step 140500/350000 | Loss: 0.028089 | LR: 1.96e-04 | 50593.3s
  Step 141000/350000 | Loss: 0.027346 | LR: 1.95e-04 | 50772.2s
  Step 141500/350000 | Loss: 0.028214 | LR: 1.95e-04 | 50951.0s
  Step 142000/350000 | Loss: 0.028243 | LR: 1.94e-04 | 51133.0s
  Step 142500/350000 | Loss: 0.027335 | LR: 1.93e-04 | 51313.6s
  Step 143000/350000 | Loss: 0.027812 | LR: 1.93e-04 | 51496.0s
  Step 143500/350000 | Loss: 0.028180 | LR: 1.92e-04 | 51678.6s
  Step 144000/350000 | Loss: 0.027428 | LR: 1.92e-04 | 51860.9s
  Step 144500/350000 | Loss: 0.027431 | LR: 1.91e-04 | 52042.6s
  Step 145000/350000 | Loss: 0.027229 | LR: 1.90e-04 | 52225.4s
  Step 145500/350000 | Loss: 0.028445 | LR: 1.90e-04 | 52406.9s
  Step 146000/350000 | Loss: 0.026214 | LR: 1.89e-04 | 52586.7s
  Step 146500/350000 | Loss: 0.026444 | LR: 1.88e-04 | 52766.2s
  Step 147000/350000 | Loss: 0.025842 | LR: 1.88e-04 | 52945.4s
  Step 147500/350000 | Loss: 0.025793 | LR: 1.87e-04 | 53124.1s
  Step 148000/350000 | Loss: 0.025849 | LR: 1.86e-04 | 53305.0s
  Step 148500/350000 | Loss: 0.027226 | LR: 1.86e-04 | 53483.2s
  Step 149000/350000 | Loss: 0.026798 | LR: 1.85e-04 | 53660.5s
  Step 149500/350000 | Loss: 0.025761 | LR: 1.84e-04 | 53828.7s
  Step 150000/350000 | Loss: 0.026595 | LR: 1.84e-04 | 54010.2s
  [val] step 150000/350000 | held-out sampled-action MAE (ddim5): 0.53874
  Step 150500/350000 | Loss: 0.026806 | LR: 1.83e-04 | 54221.4s
  Step 151000/350000 | Loss: 0.025647 | LR: 1.82e-04 | 54409.8s
  Step 151500/350000 | Loss: 0.026503 | LR: 1.82e-04 | 54597.2s
  Step 152000/350000 | Loss: 0.026423 | LR: 1.81e-04 | 54784.4s
  Step 152500/350000 | Loss: 0.025596 | LR: 1.80e-04 | 54971.7s
  Step 153000/350000 | Loss: 0.026104 | LR: 1.80e-04 | 55160.9s
  Step 153500/350000 | Loss: 0.026238 | LR: 1.79e-04 | 55350.2s
  Step 154000/350000 | Loss: 0.024720 | LR: 1.79e-04 | 55539.2s
  Step 154500/350000 | Loss: 0.024123 | LR: 1.78e-04 | 55728.9s
  Step 155000/350000 | Loss: 0.025226 | LR: 1.77e-04 | 55921.7s
  Step 155500/350000 | Loss: 0.026023 | LR: 1.77e-04 | 56114.5s
  Step 156000/350000 | Loss: 0.024367 | LR: 1.76e-04 | 56306.6s
  Step 156500/350000 | Loss: 0.025332 | LR: 1.75e-04 | 56501.2s
  Step 157000/350000 | Loss: 0.024863 | LR: 1.75e-04 | 56694.4s
  Step 157500/350000 | Loss: 0.025130 | LR: 1.74e-04 | 56884.9s
  Step 158000/350000 | Loss: 0.023878 | LR: 1.73e-04 | 57074.8s
  Step 158500/350000 | Loss: 0.024336 | LR: 1.73e-04 | 57266.1s
  Step 159000/350000 | Loss: 0.026273 | LR: 1.72e-04 | 57455.7s
  Step 159500/350000 | Loss: 0.024831 | LR: 1.71e-04 | 57644.1s
  Step 160000/350000 | Loss: 0.025251 | LR: 1.71e-04 | 57810.7s
  Step 160500/350000 | Loss: 0.025626 | LR: 1.70e-04 | 57980.0s
  Step 161000/350000 | Loss: 0.023794 | LR: 1.69e-04 | 58150.2s
  Step 161500/350000 | Loss: 0.023430 | LR: 1.69e-04 | 58318.9s
  Step 162000/350000 | Loss: 0.023964 | LR: 1.68e-04 | 58490.5s
  Step 162500/350000 | Loss: 0.023703 | LR: 1.67e-04 | 58662.0s
  Step 163000/350000 | Loss: 0.022707 | LR: 1.67e-04 | 58830.7s
  Step 163500/350000 | Loss: 0.022494 | LR: 1.66e-04 | 58997.5s
  Step 164000/350000 | Loss: 0.024310 | LR: 1.65e-04 | 59167.4s
  Step 164500/350000 | Loss: 0.023350 | LR: 1.65e-04 | 59339.8s
  Step 165000/350000 | Loss: 0.023729 | LR: 1.64e-04 | 59513.4s
  Step 165500/350000 | Loss: 0.022842 | LR: 1.63e-04 | 59685.1s
  Step 166000/350000 | Loss: 0.022064 | LR: 1.63e-04 | 59857.1s
  Step 166500/350000 | Loss: 0.022606 | LR: 1.62e-04 | 60030.5s
  Step 167000/350000 | Loss: 0.023337 | LR: 1.61e-04 | 60206.1s
  Step 167500/350000 | Loss: 0.022535 | LR: 1.61e-04 | 60380.0s
  Step 168000/350000 | Loss: 0.023255 | LR: 1.60e-04 | 60554.8s
  Step 168500/350000 | Loss: 0.023271 | LR: 1.59e-04 | 60730.4s
  Step 169000/350000 | Loss: 0.023692 | LR: 1.59e-04 | 60906.9s
  Step 169500/350000 | Loss: 0.021981 | LR: 1.58e-04 | 61082.6s
  Step 170000/350000 | Loss: 0.022676 | LR: 1.57e-04 | 61257.0s
  Step 170500/350000 | Loss: 0.021114 | LR: 1.57e-04 | 61431.9s
  Step 171000/350000 | Loss: 0.021560 | LR: 1.56e-04 | 61602.7s
  Step 171500/350000 | Loss: 0.021785 | LR: 1.55e-04 | 61777.2s
  Step 172000/350000 | Loss: 0.020436 | LR: 1.55e-04 | 61957.5s
  Step 172500/350000 | Loss: 0.021337 | LR: 1.54e-04 | 62137.2s
  Step 173000/350000 | Loss: 0.022160 | LR: 1.53e-04 | 62316.5s
  Step 173500/350000 | Loss: 0.021150 | LR: 1.53e-04 | 62495.7s
  Step 174000/350000 | Loss: 0.021096 | LR: 1.52e-04 | 62674.4s
  Step 174500/350000 | Loss: 0.020801 | LR: 1.51e-04 | 62855.7s
  Step 175000/350000 | Loss: 0.021499 | LR: 1.51e-04 | 63037.4s
  [val] step 175000/350000 | held-out sampled-action MAE (ddim5): 0.68095
  Step 175500/350000 | Loss: 0.020873 | LR: 1.50e-04 | 63240.9s
  Step 176000/350000 | Loss: 0.020991 | LR: 1.49e-04 | 63420.1s
  Step 176500/350000 | Loss: 0.021441 | LR: 1.48e-04 | 63599.8s
  Step 177000/350000 | Loss: 0.021959 | LR: 1.48e-04 | 63778.3s
  Step 177500/350000 | Loss: 0.019595 | LR: 1.47e-04 | 63960.0s
  Step 178000/350000 | Loss: 0.019521 | LR: 1.46e-04 | 64139.3s
  Step 178500/350000 | Loss: 0.022253 | LR: 1.46e-04 | 64318.4s
  Step 179000/350000 | Loss: 0.019474 | LR: 1.45e-04 | 64499.3s
  Step 179500/350000 | Loss: 0.020870 | LR: 1.44e-04 | 64680.7s
  Step 180000/350000 | Loss: 0.020832 | LR: 1.44e-04 | 64860.0s
  Step 180500/350000 | Loss: 0.020034 | LR: 1.43e-04 | 65039.8s
  Step 181000/350000 | Loss: 0.019753 | LR: 1.42e-04 | 65218.0s
  Step 181500/350000 | Loss: 0.019278 | LR: 1.42e-04 | 65391.6s
  Step 182000/350000 | Loss: 0.018787 | LR: 1.41e-04 | 65556.7s
  Step 182500/350000 | Loss: 0.019924 | LR: 1.40e-04 | 65729.4s
  Step 183000/350000 | Loss: 0.019117 | LR: 1.40e-04 | 65901.2s
  Step 183500/350000 | Loss: 0.019771 | LR: 1.39e-04 | 66073.1s
  Step 184000/350000 | Loss: 0.019908 | LR: 1.38e-04 | 66243.9s
  Step 184500/350000 | Loss: 0.019301 | LR: 1.38e-04 | 66416.5s
  Step 185000/350000 | Loss: 0.019667 | LR: 1.37e-04 | 66592.9s
  Step 185500/350000 | Loss: 0.019486 | LR: 1.36e-04 | 66770.8s
  Step 186000/350000 | Loss: 0.019186 | LR: 1.36e-04 | 66949.6s
  Step 186500/350000 | Loss: 0.019102 | LR: 1.35e-04 | 67127.9s
  Step 187000/350000 | Loss: 0.017456 | LR: 1.34e-04 | 67307.1s
  Step 187500/350000 | Loss: 0.019136 | LR: 1.34e-04 | 67486.8s
  Step 188000/350000 | Loss: 0.018903 | LR: 1.33e-04 | 67666.7s
  Step 188500/350000 | Loss: 0.018819 | LR: 1.32e-04 | 67847.5s
  Step 189000/350000 | Loss: 0.018077 | LR: 1.32e-04 | 68027.6s
  Step 189500/350000 | Loss: 0.018894 | LR: 1.31e-04 | 68207.2s
  Step 190000/350000 | Loss: 0.017765 | LR: 1.30e-04 | 68387.6s
  Step 190500/350000 | Loss: 0.018544 | LR: 1.30e-04 | 68568.2s
  Step 191000/350000 | Loss: 0.018216 | LR: 1.29e-04 | 68746.0s
  Step 191500/350000 | Loss: 0.017872 | LR: 1.28e-04 | 68926.0s
  Step 192000/350000 | Loss: 0.017237 | LR: 1.28e-04 | 69105.7s
  Step 192500/350000 | Loss: 0.017239 | LR: 1.27e-04 | 69285.1s
  Step 193000/350000 | Loss: 0.017498 | LR: 1.26e-04 | 69460.9s
  Step 193500/350000 | Loss: 0.017293 | LR: 1.26e-04 | 69631.0s
  Step 194000/350000 | Loss: 0.017777 | LR: 1.25e-04 | 69798.6s
  Step 194500/350000 | Loss: 0.017333 | LR: 1.24e-04 | 69966.2s
  Step 195000/350000 | Loss: 0.017391 | LR: 1.24e-04 | 70135.4s
  Step 195500/350000 | Loss: 0.017945 | LR: 1.23e-04 | 70303.0s
  Step 196000/350000 | Loss: 0.016609 | LR: 1.22e-04 | 70469.6s
  Step 196500/350000 | Loss: 0.016757 | LR: 1.22e-04 | 70637.0s
  Step 197000/350000 | Loss: 0.017285 | LR: 1.21e-04 | 70806.3s
  Step 197500/350000 | Loss: 0.016200 | LR: 1.21e-04 | 70973.7s
  Step 198000/350000 | Loss: 0.016781 | LR: 1.20e-04 | 71140.5s
  Step 198500/350000 | Loss: 0.015968 | LR: 1.19e-04 | 71312.1s
  Step 199000/350000 | Loss: 0.015753 | LR: 1.19e-04 | 71487.9s
  Step 199500/350000 | Loss: 0.016763 | LR: 1.18e-04 | 71663.4s
  Step 200000/350000 | Loss: 0.016570 | LR: 1.17e-04 | 71838.2s
  [val] step 200000/350000 | held-out sampled-action MAE (ddim5): 0.65438
  Step 200500/350000 | Loss: 0.016276 | LR: 1.17e-04 | 72036.7s
  Step 201000/350000 | Loss: 0.016100 | LR: 1.16e-04 | 72212.7s
  Step 201500/350000 | Loss: 0.016120 | LR: 1.15e-04 | 72388.2s
  Step 202000/350000 | Loss: 0.015844 | LR: 1.15e-04 | 72563.6s
  Step 202500/350000 | Loss: 0.015410 | LR: 1.14e-04 | 72739.6s
  Step 203000/350000 | Loss: 0.016590 | LR: 1.13e-04 | 72916.5s
  Step 203500/350000 | Loss: 0.016229 | LR: 1.13e-04 | 73092.8s
  Step 204000/350000 | Loss: 0.015711 | LR: 1.12e-04 | 73268.4s
  Step 204500/350000 | Loss: 0.014786 | LR: 1.11e-04 | 73438.6s
  Step 205000/350000 | Loss: 0.015194 | LR: 1.11e-04 | 73613.7s
  Step 205500/350000 | Loss: 0.016052 | LR: 1.10e-04 | 73789.2s
  Step 206000/350000 | Loss: 0.015242 | LR: 1.09e-04 | 73963.4s
  Step 206500/350000 | Loss: 0.015082 | LR: 1.09e-04 | 74135.5s
  Step 207000/350000 | Loss: 0.015505 | LR: 1.08e-04 | 74305.9s
  Step 207500/350000 | Loss: 0.015170 | LR: 1.08e-04 | 74477.7s
  Step 208000/350000 | Loss: 0.014246 | LR: 1.07e-04 | 74650.4s
  Step 208500/350000 | Loss: 0.015437 | LR: 1.06e-04 | 74823.0s
  Step 209000/350000 | Loss: 0.014650 | LR: 1.06e-04 | 74995.3s
  Step 209500/350000 | Loss: 0.015309 | LR: 1.05e-04 | 75167.9s
  Step 210000/350000 | Loss: 0.014546 | LR: 1.04e-04 | 75340.0s
  Step 210500/350000 | Loss: 0.013307 | LR: 1.04e-04 | 75515.9s
  Step 211000/350000 | Loss: 0.013788 | LR: 1.03e-04 | 75699.1s
  Step 211500/350000 | Loss: 0.014510 | LR: 1.02e-04 | 75879.7s
  Step 212000/350000 | Loss: 0.014286 | LR: 1.02e-04 | 76059.8s
  Step 212500/350000 | Loss: 0.014029 | LR: 1.01e-04 | 76239.1s
  Step 213000/350000 | Loss: 0.014142 | LR: 1.00e-04 | 76418.4s
  Step 213500/350000 | Loss: 0.013292 | LR: 9.99e-05 | 76597.2s
  Step 214000/350000 | Loss: 0.013325 | LR: 9.92e-05 | 76777.1s
  Step 214500/350000 | Loss: 0.013612 | LR: 9.86e-05 | 76955.6s
  Step 215000/350000 | Loss: 0.013013 | LR: 9.80e-05 | 77130.8s
  Step 215500/350000 | Loss: 0.013467 | LR: 9.73e-05 | 77296.7s
  Step 216000/350000 | Loss: 0.013143 | LR: 9.67e-05 | 77468.3s
  Step 216500/350000 | Loss: 0.013252 | LR: 9.61e-05 | 77639.2s
  Step 217000/350000 | Loss: 0.014434 | LR: 9.55e-05 | 77810.7s
  Step 217500/350000 | Loss: 0.013015 | LR: 9.48e-05 | 77982.0s
  Step 218000/350000 | Loss: 0.013280 | LR: 9.42e-05 | 78158.2s
  Step 218500/350000 | Loss: 0.012672 | LR: 9.36e-05 | 78335.9s
  Step 219000/350000 | Loss: 0.012550 | LR: 9.30e-05 | 78515.8s
  Step 219500/350000 | Loss: 0.012476 | LR: 9.24e-05 | 78696.8s
  Step 220000/350000 | Loss: 0.012359 | LR: 9.17e-05 | 78878.1s
  Step 220500/350000 | Loss: 0.012368 | LR: 9.11e-05 | 79059.0s
  Step 221000/350000 | Loss: 0.011996 | LR: 9.05e-05 | 79239.2s
  Step 221500/350000 | Loss: 0.013149 | LR: 8.99e-05 | 79420.4s
  Step 222000/350000 | Loss: 0.011975 | LR: 8.93e-05 | 79602.3s
  Step 222500/350000 | Loss: 0.012003 | LR: 8.87e-05 | 79781.6s
  Step 223000/350000 | Loss: 0.011435 | LR: 8.81e-05 | 79961.3s
  Step 223500/350000 | Loss: 0.012452 | LR: 8.75e-05 | 80140.8s
  Step 224000/350000 | Loss: 0.012164 | LR: 8.68e-05 | 80320.1s
  Step 224500/350000 | Loss: 0.011979 | LR: 8.62e-05 | 80496.0s
  Step 225000/350000 | Loss: 0.012188 | LR: 8.56e-05 | 80672.5s
  [val] step 225000/350000 | held-out sampled-action MAE (ddim5): 0.61858
  Step 225500/350000 | Loss: 0.010501 | LR: 8.50e-05 | 80872.8s
  Step 226000/350000 | Loss: 0.011162 | LR: 8.44e-05 | 81050.1s
  Step 226500/350000 | Loss: 0.011249 | LR: 8.38e-05 | 81225.7s
  Step 227000/350000 | Loss: 0.011231 | LR: 8.32e-05 | 81391.8s
  Step 227500/350000 | Loss: 0.010984 | LR: 8.26e-05 | 81558.8s
  Step 228000/350000 | Loss: 0.010915 | LR: 8.20e-05 | 81725.9s
  Step 228500/350000 | Loss: 0.011215 | LR: 8.14e-05 | 81897.1s
  Step 229000/350000 | Loss: 0.011117 | LR: 8.08e-05 | 82072.0s
  Step 229500/350000 | Loss: 0.010622 | LR: 8.02e-05 | 82241.4s
  Step 230000/350000 | Loss: 0.011101 | LR: 7.97e-05 | 82412.9s
  Step 230500/350000 | Loss: 0.010948 | LR: 7.91e-05 | 82584.0s
  Step 231000/350000 | Loss: 0.010948 | LR: 7.85e-05 | 82750.5s
  Step 231500/350000 | Loss: 0.010560 | LR: 7.79e-05 | 82917.1s
  Step 232000/350000 | Loss: 0.010497 | LR: 7.73e-05 | 83084.1s
  Step 232500/350000 | Loss: 0.010411 | LR: 7.67e-05 | 83250.6s
  Step 233000/350000 | Loss: 0.009884 | LR: 7.61e-05 | 83417.8s
  Step 233500/350000 | Loss: 0.010478 | LR: 7.56e-05 | 83584.7s
  Step 234000/350000 | Loss: 0.009777 | LR: 7.50e-05 | 83751.7s
  Step 234500/350000 | Loss: 0.009808 | LR: 7.44e-05 | 83920.6s
  Step 235000/350000 | Loss: 0.010245 | LR: 7.38e-05 | 84087.7s
  Step 235500/350000 | Loss: 0.009579 | LR: 7.32e-05 | 84254.3s
  Step 236000/350000 | Loss: 0.010124 | LR: 7.27e-05 | 84424.3s
  Step 236500/350000 | Loss: 0.009480 | LR: 7.21e-05 | 84597.5s
  Step 237000/350000 | Loss: 0.010052 | LR: 7.15e-05 | 84773.2s
  Step 237500/350000 | Loss: 0.009488 | LR: 7.10e-05 | 84947.5s
  Step 238000/350000 | Loss: 0.009686 | LR: 7.04e-05 | 85119.5s
  Step 238500/350000 | Loss: 0.009279 | LR: 6.98e-05 | 85286.5s
  Step 239000/350000 | Loss: 0.009289 | LR: 6.93e-05 | 85455.9s
  Step 239500/350000 | Loss: 0.009781 | LR: 6.87e-05 | 85624.5s
  Step 240000/350000 | Loss: 0.008923 | LR: 6.81e-05 | 85797.5s
  Step 240500/350000 | Loss: 0.009351 | LR: 6.76e-05 | 85972.8s
  Step 241000/350000 | Loss: 0.009387 | LR: 6.70e-05 | 86147.5s
  Step 241500/350000 | Loss: 0.008646 | LR: 6.65e-05 | 86318.0s
  Step 242000/350000 | Loss: 0.009165 | LR: 6.59e-05 | 86490.7s
  Step 242500/350000 | Loss: 0.008887 | LR: 6.54e-05 | 86663.4s
  Step 243000/350000 | Loss: 0.008811 | LR: 6.48e-05 | 86836.5s
  Step 243500/350000 | Loss: 0.008751 | LR: 6.43e-05 | 87008.5s
  Step 244000/350000 | Loss: 0.008226 | LR: 6.37e-05 | 87183.8s
  Step 244500/350000 | Loss: 0.008908 | LR: 6.32e-05 | 87360.4s
  Step 245000/350000 | Loss: 0.008475 | LR: 6.26e-05 | 87532.6s
  Step 245500/350000 | Loss: 0.008774 | LR: 6.21e-05 | 87702.0s
  Step 246000/350000 | Loss: 0.008529 | LR: 6.15e-05 | 87876.9s
  Step 246500/350000 | Loss: 0.008460 | LR: 6.10e-05 | 88053.5s
  Step 247000/350000 | Loss: 0.008195 | LR: 6.05e-05 | 88227.6s
  Step 247500/350000 | Loss: 0.008482 | LR: 5.99e-05 | 88393.2s
  Step 248000/350000 | Loss: 0.008119 | LR: 5.94e-05 | 88558.6s
  Step 248500/350000 | Loss: 0.007490 | LR: 5.89e-05 | 88731.7s
  Step 249000/350000 | Loss: 0.007634 | LR: 5.83e-05 | 88903.3s
  Step 249500/350000 | Loss: 0.007973 | LR: 5.78e-05 | 89075.5s
  Step 250000/350000 | Loss: 0.007907 | LR: 5.73e-05 | 89247.1s
  [val] step 250000/350000 | held-out sampled-action MAE (ddim5): 0.67349
  Step 250500/350000 | Loss: 0.007967 | LR: 5.68e-05 | 89439.8s
  Step 251000/350000 | Loss: 0.007904 | LR: 5.62e-05 | 89609.9s
  Step 251500/350000 | Loss: 0.007425 | LR: 5.57e-05 | 89781.0s
  Step 252000/350000 | Loss: 0.007199 | LR: 5.52e-05 | 89960.3s
  Step 252500/350000 | Loss: 0.007038 | LR: 5.47e-05 | 90138.4s
  Step 253000/350000 | Loss: 0.007388 | LR: 5.42e-05 | 90318.2s
  Step 253500/350000 | Loss: 0.007305 | LR: 5.37e-05 | 90497.2s
  Step 254000/350000 | Loss: 0.006668 | LR: 5.32e-05 | 90679.8s
  Step 254500/350000 | Loss: 0.006990 | LR: 5.26e-05 | 90862.3s
  Step 255000/350000 | Loss: 0.007095 | LR: 5.21e-05 | 91045.2s
  Step 255500/350000 | Loss: 0.006951 | LR: 5.16e-05 | 91224.3s
  Step 256000/350000 | Loss: 0.007218 | LR: 5.11e-05 | 91399.1s
  Step 256500/350000 | Loss: 0.006632 | LR: 5.06e-05 | 91575.7s
  Step 257000/350000 | Loss: 0.006129 | LR: 5.01e-05 | 91755.0s
  Step 257500/350000 | Loss: 0.006838 | LR: 4.96e-05 | 91931.5s
  Step 258000/350000 | Loss: 0.006939 | LR: 4.91e-05 | 92108.6s
  Step 258500/350000 | Loss: 0.006813 | LR: 4.87e-05 | 92288.3s
  Step 259000/350000 | Loss: 0.006453 | LR: 4.82e-05 | 92467.3s
  Step 259500/350000 | Loss: 0.006163 | LR: 4.77e-05 | 92640.7s
  Step 260000/350000 | Loss: 0.006099 | LR: 4.72e-05 | 92808.5s
  Step 260500/350000 | Loss: 0.005928 | LR: 4.67e-05 | 92998.8s
  Step 261000/350000 | Loss: 0.006001 | LR: 4.62e-05 | 93189.0s
  Step 261500/350000 | Loss: 0.005790 | LR: 4.57e-05 | 93378.0s
  Step 262000/350000 | Loss: 0.006050 | LR: 4.53e-05 | 93567.3s
  Step 262500/350000 | Loss: 0.006080 | LR: 4.48e-05 | 93756.6s
  Step 263000/350000 | Loss: 0.005782 | LR: 4.43e-05 | 93948.2s
  Step 263500/350000 | Loss: 0.006170 | LR: 4.38e-05 | 94141.1s
  Step 264000/350000 | Loss: 0.006164 | LR: 4.34e-05 | 94327.7s
  Step 264500/350000 | Loss: 0.005951 | LR: 4.29e-05 | 94511.0s
  Step 265000/350000 | Loss: 0.005407 | LR: 4.24e-05 | 94704.3s
  Step 265500/350000 | Loss: 0.005235 | LR: 4.20e-05 | 94896.2s
  Step 266000/350000 | Loss: 0.005608 | LR: 4.15e-05 | 95089.9s
  Step 266500/350000 | Loss: 0.005563 | LR: 4.11e-05 | 95285.0s
  Step 267000/350000 | Loss: 0.005307 | LR: 4.06e-05 | 95479.9s
  Step 267500/350000 | Loss: 0.005008 | LR: 4.02e-05 | 95673.1s
  Step 268000/350000 | Loss: 0.005310 | LR: 3.97e-05 | 95866.9s
  Step 268500/350000 | Loss: 0.005527 | LR: 3.93e-05 | 96058.7s
  Step 269000/350000 | Loss: 0.005243 | LR: 3.88e-05 | 96250.1s
  Step 269500/350000 | Loss: 0.005017 | LR: 3.84e-05 | 96441.8s
  Step 270000/350000 | Loss: 0.004878 | LR: 3.79e-05 | 96633.2s
  Step 270500/350000 | Loss: 0.004837 | LR: 3.75e-05 | 96824.7s
  Step 271000/350000 | Loss: 0.004995 | LR: 3.70e-05 | 97003.4s
  Step 271500/350000 | Loss: 0.004968 | LR: 3.66e-05 | 97172.7s
  Step 272000/350000 | Loss: 0.004630 | LR: 3.62e-05 | 97346.9s
  Step 272500/350000 | Loss: 0.004576 | LR: 3.57e-05 | 97519.4s
  Step 273000/350000 | Loss: 0.004589 | LR: 3.53e-05 | 97693.4s
  Step 273500/350000 | Loss: 0.004577 | LR: 3.49e-05 | 97868.1s
  Step 274000/350000 | Loss: 0.004549 | LR: 3.45e-05 | 98043.5s
  Step 274500/350000 | Loss: 0.004414 | LR: 3.40e-05 | 98219.8s
  Step 275000/350000 | Loss: 0.004529 | LR: 3.36e-05 | 98395.9s
  [val] step 275000/350000 | held-out sampled-action MAE (ddim5): 0.71951
  Step 275500/350000 | Loss: 0.004102 | LR: 3.32e-05 | 98594.8s
  Step 276000/350000 | Loss: 0.004287 | LR: 3.28e-05 | 98771.1s
  Step 276500/350000 | Loss: 0.004315 | LR: 3.24e-05 | 98945.8s
  Step 277000/350000 | Loss: 0.003929 | LR: 3.20e-05 | 99113.7s
  Step 277500/350000 | Loss: 0.004190 | LR: 3.16e-05 | 99285.1s
  Step 278000/350000 | Loss: 0.003846 | LR: 3.11e-05 | 99457.1s
  Step 278500/350000 | Loss: 0.003851 | LR: 3.07e-05 | 99630.5s
  Step 279000/350000 | Loss: 0.003722 | LR: 3.03e-05 | 99806.0s
  Step 279500/350000 | Loss: 0.003880 | LR: 2.99e-05 | 99987.3s
  Step 280000/350000 | Loss: 0.003871 | LR: 2.96e-05 | 100168.0s
  Step 280500/350000 | Loss: 0.003521 | LR: 2.92e-05 | 100347.9s
  Step 281000/350000 | Loss: 0.003709 | LR: 2.88e-05 | 100522.1s
  Step 281500/350000 | Loss: 0.003787 | LR: 2.84e-05 | 100704.7s
  Step 282000/350000 | Loss: 0.003615 | LR: 2.80e-05 | 100885.8s
  Step 282500/350000 | Loss: 0.003571 | LR: 2.76e-05 | 101066.1s
  Step 283000/350000 | Loss: 0.003347 | LR: 2.72e-05 | 101243.7s
  Step 283500/350000 | Loss: 0.003318 | LR: 2.69e-05 | 101419.0s
  Step 284000/350000 | Loss: 0.003291 | LR: 2.65e-05 | 101594.0s
  Step 284500/350000 | Loss: 0.003441 | LR: 2.61e-05 | 101772.9s
  Step 285000/350000 | Loss: 0.003430 | LR: 2.57e-05 | 101946.7s
  Step 285500/350000 | Loss: 0.003251 | LR: 2.54e-05 | 102118.6s
  Step 286000/350000 | Loss: 0.003329 | LR: 2.50e-05 | 102295.7s
  Step 286500/350000 | Loss: 0.003172 | LR: 2.46e-05 | 102476.7s
  Step 287000/350000 | Loss: 0.003343 | LR: 2.43e-05 | 102656.0s
  Step 287500/350000 | Loss: 0.003084 | LR: 2.39e-05 | 102827.2s
  Step 288000/350000 | Loss: 0.002999 | LR: 2.36e-05 | 102995.6s
  Step 288500/350000 | Loss: 0.003174 | LR: 2.32e-05 | 103185.8s
  Step 289000/350000 | Loss: 0.003013 | LR: 2.29e-05 | 103377.5s
  Step 289500/350000 | Loss: 0.002808 | LR: 2.25e-05 | 103571.3s
  Step 290000/350000 | Loss: 0.002881 | LR: 2.22e-05 | 103752.2s
  Step 290500/350000 | Loss: 0.002843 | LR: 2.18e-05 | 103940.3s
  Step 291000/350000 | Loss: 0.002727 | LR: 2.15e-05 | 104130.5s
  Step 291500/350000 | Loss: 0.002776 | LR: 2.11e-05 | 104323.1s
  Step 292000/350000 | Loss: 0.002673 | LR: 2.08e-05 | 104514.2s
  Step 292500/350000 | Loss: 0.002512 | LR: 2.05e-05 | 104702.3s
  Step 293000/350000 | Loss: 0.002854 | LR: 2.01e-05 | 104885.0s
  Step 293500/350000 | Loss: 0.002456 | LR: 1.98e-05 | 105065.4s
  Step 294000/350000 | Loss: 0.002656 | LR: 1.95e-05 | 105247.6s
  Step 294500/350000 | Loss: 0.002511 | LR: 1.92e-05 | 105430.9s
  Step 295000/350000 | Loss: 0.002484 | LR: 1.89e-05 | 105612.4s
  Step 295500/350000 | Loss: 0.002355 | LR: 1.85e-05 | 105794.1s
  Step 296000/350000 | Loss: 0.002377 | LR: 1.82e-05 | 105976.4s
  Step 296500/350000 | Loss: 0.002265 | LR: 1.79e-05 | 106157.8s
  Step 297000/350000 | Loss: 0.002287 | LR: 1.76e-05 | 106336.5s
  Step 297500/350000 | Loss: 0.002262 | LR: 1.73e-05 | 106515.4s
  Step 298000/350000 | Loss: 0.002342 | LR: 1.70e-05 | 106693.5s
  Step 298500/350000 | Loss: 0.002358 | LR: 1.67e-05 | 106871.4s
  Step 299000/350000 | Loss: 0.002154 | LR: 1.64e-05 | 107040.8s
  Step 299500/350000 | Loss: 0.002294 | LR: 1.61e-05 | 107208.5s
  Step 300000/350000 | Loss: 0.002130 | LR: 1.58e-05 | 107381.2s
  [val] step 300000/350000 | held-out sampled-action MAE (ddim5): 0.73136
  Step 300500/350000 | Loss: 0.002183 | LR: 1.55e-05 | 107574.8s
  Step 301000/350000 | Loss: 0.002320 | LR: 1.52e-05 | 107751.4s
  Step 301500/350000 | Loss: 0.002129 | LR: 1.49e-05 | 107924.0s
  Step 302000/350000 | Loss: 0.001970 | LR: 1.47e-05 | 108097.8s
  Step 302500/350000 | Loss: 0.001895 | LR: 1.44e-05 | 108272.4s
  Step 303000/350000 | Loss: 0.001905 | LR: 1.41e-05 | 108447.2s
  Step 303500/350000 | Loss: 0.001799 | LR: 1.38e-05 | 108622.8s
  Step 304000/350000 | Loss: 0.001902 | LR: 1.36e-05 | 108798.7s
  Step 304500/350000 | Loss: 0.001815 | LR: 1.33e-05 | 108974.3s
  Step 305000/350000 | Loss: 0.001962 | LR: 1.30e-05 | 109149.6s
  Step 305500/350000 | Loss: 0.001754 | LR: 1.28e-05 | 109326.2s
  Step 306000/350000 | Loss: 0.001694 | LR: 1.25e-05 | 109501.9s
  Step 306500/350000 | Loss: 0.001775 | LR: 1.23e-05 | 109677.8s
  Step 307000/350000 | Loss: 0.001682 | LR: 1.20e-05 | 109854.2s
  Step 307500/350000 | Loss: 0.001714 | LR: 1.17e-05 | 110029.2s
  Step 308000/350000 | Loss: 0.001617 | LR: 1.15e-05 | 110202.9s
  Step 308500/350000 | Loss: 0.001606 | LR: 1.13e-05 | 110378.2s
  Step 309000/350000 | Loss: 0.001621 | LR: 1.10e-05 | 110552.7s
  Step 309500/350000 | Loss: 0.001523 | LR: 1.08e-05 | 110728.2s
  Step 310000/350000 | Loss: 0.001426 | LR: 1.05e-05 | 110900.3s
  Step 310500/350000 | Loss: 0.001474 | LR: 1.03e-05 | 111073.3s
  Step 311000/350000 | Loss: 0.001467 | LR: 1.01e-05 | 111245.2s
  Step 311500/350000 | Loss: 0.001571 | LR: 9.84e-06 | 111417.8s
  Step 312000/350000 | Loss: 0.001539 | LR: 9.61e-06 | 111589.9s
  Step 312500/350000 | Loss: 0.001390 | LR: 9.39e-06 | 111766.1s
  Step 313000/350000 | Loss: 0.001506 | LR: 9.17e-06 | 111940.6s
  Step 313500/350000 | Loss: 0.001452 | LR: 8.95e-06 | 112121.0s
  Step 314000/350000 | Loss: 0.001444 | LR: 8.74e-06 | 112302.7s
  Step 314500/350000 | Loss: 0.001369 | LR: 8.53e-06 | 112484.9s
  Step 315000/350000 | Loss: 0.001288 | LR: 8.32e-06 | 112665.7s
  Step 315500/350000 | Loss: 0.001353 | LR: 8.11e-06 | 112846.1s
  Step 316000/350000 | Loss: 0.001225 | LR: 7.91e-06 | 113029.0s
  Step 316500/350000 | Loss: 0.001338 | LR: 7.71e-06 | 113210.5s
  Step 317000/350000 | Loss: 0.001283 | LR: 7.51e-06 | 113392.3s
  Step 317500/350000 | Loss: 0.001315 | LR: 7.32e-06 | 113574.5s
  Step 318000/350000 | Loss: 0.001200 | LR: 7.12e-06 | 113757.7s
  Step 318500/350000 | Loss: 0.001236 | LR: 6.94e-06 | 113939.6s
  Step 319000/350000 | Loss: 0.001234 | LR: 6.75e-06 | 114120.8s
  Step 319500/350000 | Loss: 0.001242 | LR: 6.57e-06 | 114303.4s
  Step 320000/350000 | Loss: 0.001210 | LR: 6.39e-06 | 114484.1s
  Step 320500/350000 | Loss: 0.001196 | LR: 6.21e-06 | 114663.3s
  Step 321000/350000 | Loss: 0.001188 | LR: 6.04e-06 | 114835.0s
  Step 321500/350000 | Loss: 0.001114 | LR: 5.87e-06 | 115014.4s
  Step 322000/350000 | Loss: 0.001063 | LR: 5.70e-06 | 115202.3s
  Step 322500/350000 | Loss: 0.001097 | LR: 5.53e-06 | 115390.9s
  Step 323000/350000 | Loss: 0.001061 | LR: 5.37e-06 | 115579.4s
  Step 323500/350000 | Loss: 0.001052 | LR: 5.21e-06 | 115767.7s
  Step 324000/350000 | Loss: 0.001042 | LR: 5.05e-06 | 115956.7s
  Step 324500/350000 | Loss: 0.001107 | LR: 4.90e-06 | 116148.2s
  Step 325000/350000 | Loss: 0.001110 | LR: 4.75e-06 | 116339.5s
  [val] step 325000/350000 | held-out sampled-action MAE (ddim5): 0.70517
  Step 325500/350000 | Loss: 0.001024 | LR: 4.60e-06 | 116552.5s
  Step 326000/350000 | Loss: 0.001033 | LR: 4.46e-06 | 116742.4s
  Step 326500/350000 | Loss: 0.001030 | LR: 4.31e-06 | 116931.7s
  Step 327000/350000 | Loss: 0.001002 | LR: 4.17e-06 | 117121.3s
  Step 327500/350000 | Loss: 0.001017 | LR: 4.04e-06 | 117311.4s
  Step 328000/350000 | Loss: 0.000978 | LR: 3.91e-06 | 117500.7s
  Step 328500/350000 | Loss: 0.000993 | LR: 3.78e-06 | 117691.0s
  Step 329000/350000 | Loss: 0.000983 | LR: 3.65e-06 | 117880.6s
  Step 329500/350000 | Loss: 0.000932 | LR: 3.52e-06 | 118069.8s
  Step 330000/350000 | Loss: 0.000936 | LR: 3.40e-06 | 118258.6s
  Step 330500/350000 | Loss: 0.000969 | LR: 3.28e-06 | 118445.4s
  Step 331000/350000 | Loss: 0.000913 | LR: 3.17e-06 | 118633.7s
  Step 331500/350000 | Loss: 0.000953 | LR: 3.06e-06 | 118810.0s
  Step 332000/350000 | Loss: 0.000944 | LR: 2.95e-06 | 118976.7s
  Step 332500/350000 | Loss: 0.000842 | LR: 2.84e-06 | 119148.7s
  Step 333000/350000 | Loss: 0.000858 | LR: 2.74e-06 | 119322.7s
  Step 333500/350000 | Loss: 0.000902 | LR: 2.64e-06 | 119497.3s
  Step 334000/350000 | Loss: 0.000915 | LR: 2.54e-06 | 119665.8s
  Step 334500/350000 | Loss: 0.000904 | LR: 2.44e-06 | 119832.6s
  Step 335000/350000 | Loss: 0.000873 | LR: 2.35e-06 | 120000.1s
  Step 335500/350000 | Loss: 0.000866 | LR: 2.26e-06 | 120167.0s
  Step 336000/350000 | Loss: 0.000828 | LR: 2.18e-06 | 120339.2s
  Step 336500/350000 | Loss: 0.000884 | LR: 2.10e-06 | 120509.0s
  Step 337000/350000 | Loss: 0.000870 | LR: 2.02e-06 | 120683.6s
  Step 337500/350000 | Loss: 0.000815 | LR: 1.94e-06 | 120856.8s
  Step 338000/350000 | Loss: 0.000885 | LR: 1.87e-06 | 121031.0s
  Step 338500/350000 | Loss: 0.000861 | LR: 1.80e-06 | 121206.1s
  Step 339000/350000 | Loss: 0.000828 | LR: 1.73e-06 | 121380.2s
  Step 339500/350000 | Loss: 0.000860 | LR: 1.66e-06 | 121555.3s
  Step 340000/350000 | Loss: 0.000808 | LR: 1.60e-06 | 121730.3s
  Step 340500/350000 | Loss: 0.000843 | LR: 1.54e-06 | 121904.1s
  Step 341000/350000 | Loss: 0.000805 | LR: 1.49e-06 | 122077.6s
  Step 341500/350000 | Loss: 0.000810 | LR: 1.43e-06 | 122253.5s
  Step 342000/350000 | Loss: 0.000861 | LR: 1.39e-06 | 122426.8s
  Step 342500/350000 | Loss: 0.000824 | LR: 1.34e-06 | 122599.7s
  Step 343000/350000 | Loss: 0.000802 | LR: 1.30e-06 | 122770.9s
  Step 343500/350000 | Loss: 0.000760 | LR: 1.25e-06 | 122943.1s
  Step 344000/350000 | Loss: 0.000833 | LR: 1.22e-06 | 123117.7s
  Step 344500/350000 | Loss: 0.000808 | LR: 1.18e-06 | 123298.0s
  Step 345000/350000 | Loss: 0.000820 | LR: 1.15e-06 | 123477.7s
  Step 345500/350000 | Loss: 0.000819 | LR: 1.12e-06 | 123657.9s
  Step 346000/350000 | Loss: 0.000829 | LR: 1.10e-06 | 123839.7s
  Step 346500/350000 | Loss: 0.000833 | LR: 1.07e-06 | 124017.8s
  Step 347000/350000 | Loss: 0.000802 | LR: 1.05e-06 | 124200.2s
  Step 347500/350000 | Loss: 0.000804 | LR: 1.04e-06 | 124381.1s
  Step 348000/350000 | Loss: 0.000854 | LR: 1.02e-06 | 124556.0s
  Step 348500/350000 | Loss: 0.000850 | LR: 1.01e-06 | 124735.9s
  Step 349000/350000 | Loss: 0.000784 | LR: 1.01e-06 | 124913.5s
  Step 349500/350000 | Loss: 0.000821 | LR: 1.00e-06 | 125094.3s
  Step 350000/350000 | Loss: 0.000778 | LR: 1.00e-06 | 125274.8s
  [val] step 350000/350000 | held-out sampled-action MAE (ddim5): 0.71322
Done in 2088.3 min. Final weights: /home1/halbertb/Q3CIBC/checkpoints/pusht_real_dp/e01_resnet18_s11_350k/denoiser.pt (deploy with denoiser_ema.pt)
Same checkpoint serves both samplers: DDPM (T=100) and DDIM ([5, 10, 25] steps, eta=0.0).
==========================================
Done:    Mon Jul 27 09:07:00 PDT 2026
