==========================================
Batch:   pushtWidowXdpCam1_resnet350k
Tag:     002
Node:    b05-10
JobId:   10590753
Start:   Sat Jul 25 23:39:32 PDT 2026
==========================================
Dataset:    /home1/halbertb/Q3CIBC/data/pusht_widowx_data.zip  (format=zarr_video)
Seed:       29   tag=e02_resnet18_s29_350k
Pred type:  v
Idle filter:drop_zero (eps=0.0)
Config:     /home1/halbertb/Q3CIBC/checkpoints/pusht_real_dp/e02_resnet18_s29_350k/config.json
Checkpoints:/home1/halbertb/Q3CIBC/checkpoints/pusht_real_dp/e02_resnet18_s29_350k
PushTWidowXVideoDataset: 150 episodes, 72988 frames, cameras=[1], frame_stack=2, action_chunk=1, action_shape=2, state_shape=(6, 240, 320), raw action range=[-0.008 -0.008] -> [0.008 0.008]
  split=train (15/150 episodes held out); idle_filter='drop_zero' -> 49981/72988 transitions kept (68.5%); zero-action share now 0.0%
PushTWidowXVideoDataset: 150 episodes, 72988 frames, cameras=[1], frame_stack=2, action_chunk=1, action_shape=2, state_shape=(6, 240, 320), raw action range=[-0.008 -0.008] -> [0.008 0.008]
  split=val (15/150 episodes held out); idle_filter='drop_zero' -> 5440/72988 transitions kept (7.5%); zero-action share now 0.0%
Held-out val: 5440 samples (10% of episodes, seed 0)
PixelDiffusionDenoiser (resnet18-imagenet x1cam + DenseResnet 1024x1, v-pred): 13,248,642 params
Training 350000 steps: batch=128, lr=0.0003 (cosine -> 1e-06), T=100 cosine, EMA 0.999
  Step 500/350000 | Loss: 0.409407 | LR: 3.00e-04 | 213.1s
  Step 1000/350000 | Loss: 0.287884 | LR: 3.00e-04 | 404.6s
  Step 1500/350000 | Loss: 0.251623 | LR: 3.00e-04 | 594.4s
  Step 2000/350000 | Loss: 0.225030 | LR: 3.00e-04 | 784.8s
  Step 2500/350000 | Loss: 0.212382 | LR: 3.00e-04 | 976.6s
  Step 3000/350000 | Loss: 0.201452 | LR: 3.00e-04 | 1170.3s
  Step 3500/350000 | Loss: 0.193711 | LR: 3.00e-04 | 1363.9s
  Step 4000/350000 | Loss: 0.183386 | LR: 3.00e-04 | 1556.3s
  Step 4500/350000 | Loss: 0.175574 | LR: 3.00e-04 | 1747.2s
  Step 5000/350000 | Loss: 0.173372 | LR: 3.00e-04 | 1934.2s
  Step 5500/350000 | Loss: 0.165965 | LR: 3.00e-04 | 2131.4s
  Step 6000/350000 | Loss: 0.158825 | LR: 3.00e-04 | 2327.0s
  Step 6500/350000 | Loss: 0.155479 | LR: 3.00e-04 | 2521.6s
  Step 7000/350000 | Loss: 0.151655 | LR: 3.00e-04 | 2717.5s
  Step 7500/350000 | Loss: 0.147357 | LR: 3.00e-04 | 2912.8s
  Step 8000/350000 | Loss: 0.143386 | LR: 3.00e-04 | 3109.4s
  Step 8500/350000 | Loss: 0.139700 | LR: 3.00e-04 | 3301.9s
  Step 9000/350000 | Loss: 0.134034 | LR: 3.00e-04 | 3496.8s
  Step 9500/350000 | Loss: 0.126296 | LR: 2.99e-04 | 3691.0s
  Step 10000/350000 | Loss: 0.127930 | LR: 2.99e-04 | 3884.4s
  Step 10500/350000 | Loss: 0.123494 | LR: 2.99e-04 | 4077.4s
  Step 11000/350000 | Loss: 0.118540 | LR: 2.99e-04 | 4271.0s
  Step 11500/350000 | Loss: 0.113209 | LR: 2.99e-04 | 4466.6s
  Step 12000/350000 | Loss: 0.112487 | LR: 2.99e-04 | 4663.4s
  Step 12500/350000 | Loss: 0.111156 | LR: 2.99e-04 | 4859.8s
  Step 13000/350000 | Loss: 0.104909 | LR: 2.99e-04 | 5055.4s
  Step 13500/350000 | Loss: 0.105171 | LR: 2.99e-04 | 5250.4s
  Step 14000/350000 | Loss: 0.103516 | LR: 2.99e-04 | 5441.0s
  Step 14500/350000 | Loss: 0.101022 | LR: 2.99e-04 | 5634.2s
  Step 15000/350000 | Loss: 0.098657 | LR: 2.99e-04 | 5830.0s
  Step 15500/350000 | Loss: 0.095737 | LR: 2.99e-04 | 6025.9s
  Step 16000/350000 | Loss: 0.094934 | LR: 2.98e-04 | 6221.6s
  Step 16500/350000 | Loss: 0.094861 | LR: 2.98e-04 | 6417.7s
  Step 17000/350000 | Loss: 0.093839 | LR: 2.98e-04 | 6612.8s
  Step 17500/350000 | Loss: 0.091711 | LR: 2.98e-04 | 6808.6s
  Step 18000/350000 | Loss: 0.092711 | LR: 2.98e-04 | 7004.7s
  Step 18500/350000 | Loss: 0.087984 | LR: 2.98e-04 | 7200.2s
  Step 19000/350000 | Loss: 0.085132 | LR: 2.98e-04 | 7395.9s
  Step 19500/350000 | Loss: 0.089524 | LR: 2.98e-04 | 7588.3s
  Step 20000/350000 | Loss: 0.084746 | LR: 2.98e-04 | 7785.8s
  Step 20500/350000 | Loss: 0.086123 | LR: 2.97e-04 | 7980.7s
  Step 21000/350000 | Loss: 0.084296 | LR: 2.97e-04 | 8173.7s
  Step 21500/350000 | Loss: 0.080647 | LR: 2.97e-04 | 8366.4s
  Step 22000/350000 | Loss: 0.083700 | LR: 2.97e-04 | 8560.6s
  Step 22500/350000 | Loss: 0.080491 | LR: 2.97e-04 | 8755.5s
  Step 23000/350000 | Loss: 0.081458 | LR: 2.97e-04 | 8950.9s
  Step 23500/350000 | Loss: 0.079637 | LR: 2.97e-04 | 9140.9s
  Step 24000/350000 | Loss: 0.078189 | LR: 2.97e-04 | 9313.8s
  Step 24500/350000 | Loss: 0.076532 | LR: 2.96e-04 | 9508.0s
  Step 25000/350000 | Loss: 0.076840 | LR: 2.96e-04 | 9694.7s
  [val] step 25000/350000 | held-out sampled-action MAE (ddim5): 0.55182
  Step 25500/350000 | Loss: 0.078609 | LR: 2.96e-04 | 9907.3s
  Step 26000/350000 | Loss: 0.075412 | LR: 2.96e-04 | 10092.8s
  Step 26500/350000 | Loss: 0.077404 | LR: 2.96e-04 | 10278.8s
  Step 27000/350000 | Loss: 0.075133 | LR: 2.96e-04 | 10472.5s
  Step 27500/350000 | Loss: 0.077023 | LR: 2.95e-04 | 10670.4s
  Step 28000/350000 | Loss: 0.074604 | LR: 2.95e-04 | 10866.3s
  Step 28500/350000 | Loss: 0.075821 | LR: 2.95e-04 | 11058.6s
  Step 29000/350000 | Loss: 0.072533 | LR: 2.95e-04 | 11248.7s
  Step 29500/350000 | Loss: 0.071136 | LR: 2.95e-04 | 11444.0s
  Step 30000/350000 | Loss: 0.070601 | LR: 2.95e-04 | 11634.9s
  Step 30500/350000 | Loss: 0.071853 | LR: 2.94e-04 | 11828.3s
  Step 31000/350000 | Loss: 0.071626 | LR: 2.94e-04 | 12024.4s
  Step 31500/350000 | Loss: 0.070577 | LR: 2.94e-04 | 12220.1s
  Step 32000/350000 | Loss: 0.070207 | LR: 2.94e-04 | 12416.5s
  Step 32500/350000 | Loss: 0.069621 | LR: 2.94e-04 | 12613.1s
  Step 33000/350000 | Loss: 0.066548 | LR: 2.93e-04 | 12806.6s
  Step 33500/350000 | Loss: 0.067703 | LR: 2.93e-04 | 13002.2s
  Step 34000/350000 | Loss: 0.069099 | LR: 2.93e-04 | 13198.1s
  Step 34500/350000 | Loss: 0.070024 | LR: 2.93e-04 | 13387.3s
  Step 35000/350000 | Loss: 0.066903 | LR: 2.93e-04 | 13574.7s
  Step 35500/350000 | Loss: 0.065969 | LR: 2.92e-04 | 13766.9s
  Step 36000/350000 | Loss: 0.067330 | LR: 2.92e-04 | 13958.7s
  Step 36500/350000 | Loss: 0.067292 | LR: 2.92e-04 | 14151.9s
  Step 37000/350000 | Loss: 0.066452 | LR: 2.92e-04 | 14345.7s
  Step 37500/350000 | Loss: 0.066803 | LR: 2.92e-04 | 14538.8s
  Step 38000/350000 | Loss: 0.064481 | LR: 2.91e-04 | 14734.1s
  Step 38500/350000 | Loss: 0.064953 | LR: 2.91e-04 | 14929.6s
  Step 39000/350000 | Loss: 0.065387 | LR: 2.91e-04 | 15124.6s
  Step 39500/350000 | Loss: 0.061630 | LR: 2.91e-04 | 15318.1s
  Step 40000/350000 | Loss: 0.065154 | LR: 2.90e-04 | 15504.6s
  Step 40500/350000 | Loss: 0.064446 | LR: 2.90e-04 | 15693.6s
  Step 41000/350000 | Loss: 0.061960 | LR: 2.90e-04 | 15883.8s
  Step 41500/350000 | Loss: 0.064429 | LR: 2.90e-04 | 16074.3s
  Step 42000/350000 | Loss: 0.063653 | LR: 2.90e-04 | 16262.7s
  Step 42500/350000 | Loss: 0.060907 | LR: 2.89e-04 | 16452.8s
  Step 43000/350000 | Loss: 0.062882 | LR: 2.89e-04 | 16642.0s
  Step 43500/350000 | Loss: 0.059601 | LR: 2.89e-04 | 16825.8s
  Step 44000/350000 | Loss: 0.060393 | LR: 2.88e-04 | 17010.2s
  Step 44500/350000 | Loss: 0.059394 | LR: 2.88e-04 | 17197.9s
  Step 45000/350000 | Loss: 0.060356 | LR: 2.88e-04 | 17386.0s
  Step 45500/350000 | Loss: 0.059532 | LR: 2.88e-04 | 17576.5s
  Step 46000/350000 | Loss: 0.060243 | LR: 2.87e-04 | 17771.9s
  Step 46500/350000 | Loss: 0.059581 | LR: 2.87e-04 | 17966.3s
  Step 47000/350000 | Loss: 0.058912 | LR: 2.87e-04 | 18157.1s
  Step 47500/350000 | Loss: 0.058991 | LR: 2.87e-04 | 18350.2s
  Step 48000/350000 | Loss: 0.057361 | LR: 2.86e-04 | 18547.2s
  Step 48500/350000 | Loss: 0.056016 | LR: 2.86e-04 | 18740.6s
  Step 49000/350000 | Loss: 0.058645 | LR: 2.86e-04 | 18935.6s
  Step 49500/350000 | Loss: 0.055876 | LR: 2.85e-04 | 19128.5s
  Step 50000/350000 | Loss: 0.056484 | LR: 2.85e-04 | 19322.5s
  [val] step 50000/350000 | held-out sampled-action MAE (ddim5): 0.49912
  Step 50500/350000 | Loss: 0.057451 | LR: 2.85e-04 | 19539.2s
  Step 51000/350000 | Loss: 0.053841 | LR: 2.85e-04 | 19733.2s
  Step 51500/350000 | Loss: 0.057883 | LR: 2.84e-04 | 19926.3s
  Step 52000/350000 | Loss: 0.055688 | LR: 2.84e-04 | 20120.9s
  Step 52500/350000 | Loss: 0.054120 | LR: 2.84e-04 | 20315.4s
  Step 53000/350000 | Loss: 0.055447 | LR: 2.83e-04 | 20510.4s
  Step 53500/350000 | Loss: 0.055660 | LR: 2.83e-04 | 20705.9s
  Step 54000/350000 | Loss: 0.054500 | LR: 2.83e-04 | 20903.3s
  Step 54500/350000 | Loss: 0.056732 | LR: 2.82e-04 | 21100.0s
  Step 55000/350000 | Loss: 0.055510 | LR: 2.82e-04 | 21292.6s
  Step 55500/350000 | Loss: 0.052972 | LR: 2.82e-04 | 21486.4s
  Step 56000/350000 | Loss: 0.054530 | LR: 2.82e-04 | 21679.4s
  Step 56500/350000 | Loss: 0.053649 | LR: 2.81e-04 | 21865.8s
  Step 57000/350000 | Loss: 0.052265 | LR: 2.81e-04 | 22049.6s
  Step 57500/350000 | Loss: 0.052300 | LR: 2.81e-04 | 22234.6s
  Step 58000/350000 | Loss: 0.052242 | LR: 2.80e-04 | 22420.1s
  Step 58500/350000 | Loss: 0.051826 | LR: 2.80e-04 | 22608.2s
  Step 59000/350000 | Loss: 0.053604 | LR: 2.80e-04 | 22798.6s
  Step 59500/350000 | Loss: 0.052219 | LR: 2.79e-04 | 22990.2s
  Step 60000/350000 | Loss: 0.050408 | LR: 2.79e-04 | 23182.9s
  Step 60500/350000 | Loss: 0.052186 | LR: 2.78e-04 | 23376.3s
  Step 61000/350000 | Loss: 0.050703 | LR: 2.78e-04 | 23569.7s
  Step 61500/350000 | Loss: 0.052984 | LR: 2.78e-04 | 23764.3s
  Step 62000/350000 | Loss: 0.053775 | LR: 2.77e-04 | 23962.0s
  Step 62500/350000 | Loss: 0.050697 | LR: 2.77e-04 | 24159.5s
  Step 63000/350000 | Loss: 0.051275 | LR: 2.77e-04 | 24357.3s
  Step 63500/350000 | Loss: 0.050995 | LR: 2.76e-04 | 24554.4s
  Step 64000/350000 | Loss: 0.050919 | LR: 2.76e-04 | 24751.4s
  Step 64500/350000 | Loss: 0.049395 | LR: 2.76e-04 | 24947.8s
  Step 65000/350000 | Loss: 0.049146 | LR: 2.75e-04 | 25144.6s
  Step 65500/350000 | Loss: 0.049840 | LR: 2.75e-04 | 25342.1s
  Step 66000/350000 | Loss: 0.050271 | LR: 2.75e-04 | 25538.8s
  Step 66500/350000 | Loss: 0.050034 | LR: 2.74e-04 | 25730.0s
  Step 67000/350000 | Loss: 0.049195 | LR: 2.74e-04 | 25920.8s
  Step 67500/350000 | Loss: 0.050674 | LR: 2.73e-04 | 26109.8s
  Step 68000/350000 | Loss: 0.049044 | LR: 2.73e-04 | 26303.6s
  Step 68500/350000 | Loss: 0.049726 | LR: 2.73e-04 | 26498.5s
  Step 69000/350000 | Loss: 0.049613 | LR: 2.72e-04 | 26691.8s
  Step 69500/350000 | Loss: 0.049234 | LR: 2.72e-04 | 26886.5s
  Step 70000/350000 | Loss: 0.048722 | LR: 2.71e-04 | 27078.8s
  Step 70500/350000 | Loss: 0.047221 | LR: 2.71e-04 | 27268.9s
  Step 71000/350000 | Loss: 0.048369 | LR: 2.71e-04 | 27456.9s
  Step 71500/350000 | Loss: 0.047834 | LR: 2.70e-04 | 27652.0s
  Step 72000/350000 | Loss: 0.046489 | LR: 2.70e-04 | 27845.2s
  Step 72500/350000 | Loss: 0.046219 | LR: 2.69e-04 | 28039.4s
  Step 73000/350000 | Loss: 0.046969 | LR: 2.69e-04 | 28229.4s
  Step 73500/350000 | Loss: 0.048479 | LR: 2.69e-04 | 28417.4s
  Step 74000/350000 | Loss: 0.046458 | LR: 2.68e-04 | 28609.0s
  Step 74500/350000 | Loss: 0.048086 | LR: 2.68e-04 | 28802.4s
  Step 75000/350000 | Loss: 0.045787 | LR: 2.67e-04 | 28997.2s
  [val] step 75000/350000 | held-out sampled-action MAE (ddim5): 0.48017
  Step 75500/350000 | Loss: 0.046191 | LR: 2.67e-04 | 29213.0s
  Step 76000/350000 | Loss: 0.048022 | LR: 2.67e-04 | 29405.7s
  Step 76500/350000 | Loss: 0.045147 | LR: 2.66e-04 | 29595.3s
  Step 77000/350000 | Loss: 0.045042 | LR: 2.66e-04 | 29786.8s
  Step 77500/350000 | Loss: 0.045249 | LR: 2.65e-04 | 29982.6s
  Step 78000/350000 | Loss: 0.043830 | LR: 2.65e-04 | 30175.4s
  Step 78500/350000 | Loss: 0.046955 | LR: 2.64e-04 | 30368.6s
  Step 79000/350000 | Loss: 0.046058 | LR: 2.64e-04 | 30562.7s
  Step 79500/350000 | Loss: 0.044431 | LR: 2.64e-04 | 30757.9s
  Step 80000/350000 | Loss: 0.044061 | LR: 2.63e-04 | 30952.5s
  Step 80500/350000 | Loss: 0.045166 | LR: 2.63e-04 | 31144.2s
  Step 81000/350000 | Loss: 0.044499 | LR: 2.62e-04 | 31337.7s
  Step 81500/350000 | Loss: 0.045306 | LR: 2.62e-04 | 31535.6s
  Step 82000/350000 | Loss: 0.044425 | LR: 2.61e-04 | 31733.3s
  Step 82500/350000 | Loss: 0.043507 | LR: 2.61e-04 | 31929.5s
  Step 83000/350000 | Loss: 0.044076 | LR: 2.60e-04 | 32123.9s
  Step 83500/350000 | Loss: 0.043062 | LR: 2.60e-04 | 32317.8s
  Step 84000/350000 | Loss: 0.043986 | LR: 2.59e-04 | 32511.3s
  Step 84500/350000 | Loss: 0.042425 | LR: 2.59e-04 | 32707.8s
  Step 85000/350000 | Loss: 0.042296 | LR: 2.59e-04 | 32903.6s
  Step 85500/350000 | Loss: 0.043167 | LR: 2.58e-04 | 33099.7s
  Step 86000/350000 | Loss: 0.042729 | LR: 2.58e-04 | 33297.1s
  Step 86500/350000 | Loss: 0.042201 | LR: 2.57e-04 | 33494.8s
  Step 87000/350000 | Loss: 0.042394 | LR: 2.57e-04 | 33684.7s
  Step 87500/350000 | Loss: 0.041849 | LR: 2.56e-04 | 33875.4s
  Step 88000/350000 | Loss: 0.043286 | LR: 2.56e-04 | 34067.7s
  Step 88500/350000 | Loss: 0.041241 | LR: 2.55e-04 | 34257.9s
  Step 89000/350000 | Loss: 0.041898 | LR: 2.55e-04 | 34450.0s
  Step 89500/350000 | Loss: 0.040940 | LR: 2.54e-04 | 34642.5s
  Step 90000/350000 | Loss: 0.042610 | LR: 2.54e-04 | 34835.5s
  Step 90500/350000 | Loss: 0.041455 | LR: 2.53e-04 | 35030.3s
  Step 91000/350000 | Loss: 0.038355 | LR: 2.53e-04 | 35223.2s
  Step 91500/350000 | Loss: 0.039368 | LR: 2.52e-04 | 35418.7s
  Step 92000/350000 | Loss: 0.040056 | LR: 2.52e-04 | 35614.9s
  Step 92500/350000 | Loss: 0.042054 | LR: 2.51e-04 | 35810.7s
  Step 93000/350000 | Loss: 0.040924 | LR: 2.51e-04 | 36003.4s
  Step 93500/350000 | Loss: 0.041259 | LR: 2.50e-04 | 36195.5s
  Step 94000/350000 | Loss: 0.041623 | LR: 2.50e-04 | 36383.4s
  Step 94500/350000 | Loss: 0.040033 | LR: 2.49e-04 | 36576.9s
  Step 95000/350000 | Loss: 0.039861 | LR: 2.49e-04 | 36770.2s
  Step 95500/350000 | Loss: 0.040800 | LR: 2.48e-04 | 36963.2s
  Step 96000/350000 | Loss: 0.039677 | LR: 2.48e-04 | 37152.9s
  Step 96500/350000 | Loss: 0.039097 | LR: 2.47e-04 | 37347.4s
  Step 97000/350000 | Loss: 0.039249 | LR: 2.47e-04 | 37541.2s
  Step 97500/350000 | Loss: 0.037896 | LR: 2.46e-04 | 37731.0s
  Step 98000/350000 | Loss: 0.038500 | LR: 2.46e-04 | 37919.9s
  Step 98500/350000 | Loss: 0.037321 | LR: 2.45e-04 | 38110.2s
  Step 99000/350000 | Loss: 0.038765 | LR: 2.45e-04 | 38300.1s
  Step 99500/350000 | Loss: 0.037980 | LR: 2.44e-04 | 38489.7s
  Step 100000/350000 | Loss: 0.039734 | LR: 2.44e-04 | 38680.1s
  [val] step 100000/350000 | held-out sampled-action MAE (ddim5): 0.54350
  Step 100500/350000 | Loss: 0.038860 | LR: 2.43e-04 | 38893.1s
  Step 101000/350000 | Loss: 0.037265 | LR: 2.43e-04 | 39081.5s
  Step 101500/350000 | Loss: 0.037612 | LR: 2.42e-04 | 39270.9s
  Step 102000/350000 | Loss: 0.036655 | LR: 2.42e-04 | 39459.9s
  Step 102500/350000 | Loss: 0.037464 | LR: 2.41e-04 | 39649.7s
  Step 103000/350000 | Loss: 0.035794 | LR: 2.41e-04 | 39846.3s
  Step 103500/350000 | Loss: 0.037750 | LR: 2.40e-04 | 40043.2s
  Step 104000/350000 | Loss: 0.037992 | LR: 2.39e-04 | 40240.0s
  Step 104500/350000 | Loss: 0.038337 | LR: 2.39e-04 | 40437.2s
  Step 105000/350000 | Loss: 0.037807 | LR: 2.38e-04 | 40634.4s
  Step 105500/350000 | Loss: 0.037575 | LR: 2.38e-04 | 40831.2s
  Step 106000/350000 | Loss: 0.036642 | LR: 2.37e-04 | 41027.5s
  Step 106500/350000 | Loss: 0.037815 | LR: 2.37e-04 | 41224.0s
  Step 107000/350000 | Loss: 0.036951 | LR: 2.36e-04 | 41416.4s
  Step 107500/350000 | Loss: 0.037108 | LR: 2.36e-04 | 41613.0s
  Step 108000/350000 | Loss: 0.035750 | LR: 2.35e-04 | 41810.2s
  Step 108500/350000 | Loss: 0.035493 | LR: 2.35e-04 | 41999.8s
  Step 109000/350000 | Loss: 0.035837 | LR: 2.34e-04 | 42194.5s
  Step 109500/350000 | Loss: 0.036076 | LR: 2.33e-04 | 42391.3s
  Step 110000/350000 | Loss: 0.035030 | LR: 2.33e-04 | 42586.9s
  Step 110500/350000 | Loss: 0.036328 | LR: 2.32e-04 | 42783.4s
  Step 111000/350000 | Loss: 0.035502 | LR: 2.32e-04 | 42975.5s
  Step 111500/350000 | Loss: 0.035611 | LR: 2.31e-04 | 43167.0s
  Step 112000/350000 | Loss: 0.035278 | LR: 2.31e-04 | 43359.5s
  Step 112500/350000 | Loss: 0.037019 | LR: 2.30e-04 | 43553.3s
  Step 113000/350000 | Loss: 0.034225 | LR: 2.29e-04 | 43744.1s
  Step 113500/350000 | Loss: 0.033417 | LR: 2.29e-04 | 43936.7s
  Step 114000/350000 | Loss: 0.036041 | LR: 2.28e-04 | 44129.5s
  Step 114500/350000 | Loss: 0.034181 | LR: 2.28e-04 | 44325.4s
  Step 115000/350000 | Loss: 0.034584 | LR: 2.27e-04 | 44519.4s
  Step 115500/350000 | Loss: 0.033357 | LR: 2.27e-04 | 44716.9s
  Step 116000/350000 | Loss: 0.031680 | LR: 2.26e-04 | 44911.1s
  Step 116500/350000 | Loss: 0.033234 | LR: 2.25e-04 | 45107.7s
  Step 117000/350000 | Loss: 0.033933 | LR: 2.25e-04 | 45299.3s
  Step 117500/350000 | Loss: 0.034173 | LR: 2.24e-04 | 45490.6s
  Step 118000/350000 | Loss: 0.034060 | LR: 2.24e-04 | 45666.1s
  Step 118500/350000 | Loss: 0.033300 | LR: 2.23e-04 | 45851.3s
  Step 119000/350000 | Loss: 0.031848 | LR: 2.23e-04 | 46035.4s
  Step 119500/350000 | Loss: 0.032895 | LR: 2.22e-04 | 46219.9s
  Step 120000/350000 | Loss: 0.032994 | LR: 2.21e-04 | 46406.7s
  Step 120500/350000 | Loss: 0.032175 | LR: 2.21e-04 | 46592.6s
  Step 121000/350000 | Loss: 0.032912 | LR: 2.20e-04 | 46787.6s
  Step 121500/350000 | Loss: 0.032738 | LR: 2.20e-04 | 46981.6s
  Step 122000/350000 | Loss: 0.032381 | LR: 2.19e-04 | 47174.0s
  Step 122500/350000 | Loss: 0.032154 | LR: 2.18e-04 | 47369.3s
  Step 123000/350000 | Loss: 0.032362 | LR: 2.18e-04 | 47565.9s
  Step 123500/350000 | Loss: 0.031091 | LR: 2.17e-04 | 47760.3s
  Step 124000/350000 | Loss: 0.034656 | LR: 2.17e-04 | 47953.8s
  Step 124500/350000 | Loss: 0.033482 | LR: 2.16e-04 | 48149.1s
  Step 125000/350000 | Loss: 0.032293 | LR: 2.15e-04 | 48338.5s
  [val] step 125000/350000 | held-out sampled-action MAE (ddim5): 0.56894
  Step 125500/350000 | Loss: 0.031915 | LR: 2.15e-04 | 48558.1s
  Step 126000/350000 | Loss: 0.031456 | LR: 2.14e-04 | 48754.6s
  Step 126500/350000 | Loss: 0.031295 | LR: 2.14e-04 | 48950.2s
  Step 127000/350000 | Loss: 0.032823 | LR: 2.13e-04 | 49147.1s
  Step 127500/350000 | Loss: 0.030296 | LR: 2.12e-04 | 49342.4s
  Step 128000/350000 | Loss: 0.031782 | LR: 2.12e-04 | 49539.7s
  Step 128500/350000 | Loss: 0.029396 | LR: 2.11e-04 | 49736.5s
  Step 129000/350000 | Loss: 0.031295 | LR: 2.10e-04 | 49933.3s
  Step 129500/350000 | Loss: 0.030281 | LR: 2.10e-04 | 50129.9s
  Step 130000/350000 | Loss: 0.030748 | LR: 2.09e-04 | 50322.6s
  Step 130500/350000 | Loss: 0.030064 | LR: 2.09e-04 | 50518.4s
  Step 131000/350000 | Loss: 0.028975 | LR: 2.08e-04 | 50714.0s
  Step 131500/350000 | Loss: 0.029849 | LR: 2.07e-04 | 50910.6s
  Step 132000/350000 | Loss: 0.029403 | LR: 2.07e-04 | 51102.2s
  Step 132500/350000 | Loss: 0.029925 | LR: 2.06e-04 | 51293.5s
  Step 133000/350000 | Loss: 0.030134 | LR: 2.06e-04 | 51490.7s
  Step 133500/350000 | Loss: 0.028889 | LR: 2.05e-04 | 51687.6s
  Step 134000/350000 | Loss: 0.029237 | LR: 2.04e-04 | 51883.8s
  Step 134500/350000 | Loss: 0.029422 | LR: 2.04e-04 | 52078.1s
  Step 135000/350000 | Loss: 0.028484 | LR: 2.03e-04 | 52248.0s
  Step 135500/350000 | Loss: 0.030192 | LR: 2.02e-04 | 52410.2s
  Step 136000/350000 | Loss: 0.028188 | LR: 2.02e-04 | 52571.7s
  Step 136500/350000 | Loss: 0.030095 | LR: 2.01e-04 | 52732.9s
  Step 137000/350000 | Loss: 0.029818 | LR: 2.01e-04 | 52896.1s
  Step 137500/350000 | Loss: 0.028426 | LR: 2.00e-04 | 53059.4s
  Step 138000/350000 | Loss: 0.028409 | LR: 1.99e-04 | 53222.7s
  Step 138500/350000 | Loss: 0.027870 | LR: 1.99e-04 | 53386.7s
  Step 139000/350000 | Loss: 0.028365 | LR: 1.98e-04 | 53550.0s
  Step 139500/350000 | Loss: 0.027977 | LR: 1.97e-04 | 53713.5s
  Step 140000/350000 | Loss: 0.029129 | LR: 1.97e-04 | 53875.6s
  Step 140500/350000 | Loss: 0.028266 | LR: 1.96e-04 | 54039.0s
  Step 141000/350000 | Loss: 0.028890 | LR: 1.95e-04 | 54201.5s
  Step 141500/350000 | Loss: 0.029237 | LR: 1.95e-04 | 54364.5s
  Step 142000/350000 | Loss: 0.027772 | LR: 1.94e-04 | 54527.9s
  Step 142500/350000 | Loss: 0.027295 | LR: 1.93e-04 | 54690.9s
  Step 143000/350000 | Loss: 0.027560 | LR: 1.93e-04 | 54854.3s
  Step 143500/350000 | Loss: 0.027191 | LR: 1.92e-04 | 55017.6s
  Step 144000/350000 | Loss: 0.026585 | LR: 1.92e-04 | 55181.3s
  Step 144500/350000 | Loss: 0.029151 | LR: 1.91e-04 | 55344.8s
  Step 145000/350000 | Loss: 0.027098 | LR: 1.90e-04 | 55508.6s
  Step 145500/350000 | Loss: 0.026138 | LR: 1.90e-04 | 55672.2s
  Step 146000/350000 | Loss: 0.027333 | LR: 1.89e-04 | 55835.2s
  Step 146500/350000 | Loss: 0.025976 | LR: 1.88e-04 | 55998.3s
  Step 147000/350000 | Loss: 0.026747 | LR: 1.88e-04 | 56161.6s
  Step 147500/350000 | Loss: 0.027204 | LR: 1.87e-04 | 56325.2s
  Step 148000/350000 | Loss: 0.027797 | LR: 1.86e-04 | 56488.8s
  Step 148500/350000 | Loss: 0.026282 | LR: 1.86e-04 | 56652.3s
  Step 149000/350000 | Loss: 0.027154 | LR: 1.85e-04 | 56815.9s
  Step 149500/350000 | Loss: 0.026310 | LR: 1.84e-04 | 56979.4s
  Step 150000/350000 | Loss: 0.025625 | LR: 1.84e-04 | 57142.7s
  [val] step 150000/350000 | held-out sampled-action MAE (ddim5): 0.61842
  Step 150500/350000 | Loss: 0.025927 | LR: 1.83e-04 | 57327.4s
  Step 151000/350000 | Loss: 0.026248 | LR: 1.82e-04 | 57491.2s
  Step 151500/350000 | Loss: 0.025348 | LR: 1.82e-04 | 57654.5s
  Step 152000/350000 | Loss: 0.025640 | LR: 1.81e-04 | 57817.8s
  Step 152500/350000 | Loss: 0.026241 | LR: 1.80e-04 | 57981.5s
  Step 153000/350000 | Loss: 0.025825 | LR: 1.80e-04 | 58145.3s
  Step 153500/350000 | Loss: 0.026225 | LR: 1.79e-04 | 58308.7s
  Step 154000/350000 | Loss: 0.024190 | LR: 1.79e-04 | 58471.9s
  Step 154500/350000 | Loss: 0.025036 | LR: 1.78e-04 | 58636.0s
  Step 155000/350000 | Loss: 0.024817 | LR: 1.77e-04 | 58799.2s
  Step 155500/350000 | Loss: 0.025068 | LR: 1.77e-04 | 58963.0s
  Step 156000/350000 | Loss: 0.025525 | LR: 1.76e-04 | 59126.3s
  Step 156500/350000 | Loss: 0.024096 | LR: 1.75e-04 | 59289.7s
  Step 157000/350000 | Loss: 0.024580 | LR: 1.75e-04 | 59452.9s
  Step 157500/350000 | Loss: 0.024410 | LR: 1.74e-04 | 59616.1s
  Step 158000/350000 | Loss: 0.024516 | LR: 1.73e-04 | 59779.3s
  Step 158500/350000 | Loss: 0.023920 | LR: 1.73e-04 | 59942.1s
  Step 159000/350000 | Loss: 0.025095 | LR: 1.72e-04 | 60105.2s
  Step 159500/350000 | Loss: 0.022645 | LR: 1.71e-04 | 60268.0s
  Step 160000/350000 | Loss: 0.022888 | LR: 1.71e-04 | 60431.0s
  Step 160500/350000 | Loss: 0.024551 | LR: 1.70e-04 | 60593.6s
  Step 161000/350000 | Loss: 0.023525 | LR: 1.69e-04 | 60756.7s
  Step 161500/350000 | Loss: 0.024647 | LR: 1.69e-04 | 60920.3s
  Step 162000/350000 | Loss: 0.024332 | LR: 1.68e-04 | 61083.2s
  Step 162500/350000 | Loss: 0.022394 | LR: 1.67e-04 | 61246.3s
  Step 163000/350000 | Loss: 0.023905 | LR: 1.67e-04 | 61409.3s
  Step 163500/350000 | Loss: 0.023819 | LR: 1.66e-04 | 61572.4s
  Step 164000/350000 | Loss: 0.023381 | LR: 1.65e-04 | 61735.5s
  Step 164500/350000 | Loss: 0.022642 | LR: 1.65e-04 | 61898.6s
  Step 165000/350000 | Loss: 0.021414 | LR: 1.64e-04 | 62062.1s
  Step 165500/350000 | Loss: 0.023260 | LR: 1.63e-04 | 62225.8s
  Step 166000/350000 | Loss: 0.022837 | LR: 1.63e-04 | 62389.7s
  Step 166500/350000 | Loss: 0.023208 | LR: 1.62e-04 | 62553.4s
  Step 167000/350000 | Loss: 0.022131 | LR: 1.61e-04 | 62716.5s
  Step 167500/350000 | Loss: 0.022311 | LR: 1.61e-04 | 62879.7s
  Step 168000/350000 | Loss: 0.022439 | LR: 1.60e-04 | 63042.5s
  Step 168500/350000 | Loss: 0.022716 | LR: 1.59e-04 | 63205.5s
  Step 169000/350000 | Loss: 0.022193 | LR: 1.59e-04 | 63368.2s
  Step 169500/350000 | Loss: 0.022623 | LR: 1.58e-04 | 63531.4s
  Step 170000/350000 | Loss: 0.022749 | LR: 1.57e-04 | 63694.5s
  Step 170500/350000 | Loss: 0.021296 | LR: 1.57e-04 | 63857.7s
  Step 171000/350000 | Loss: 0.021245 | LR: 1.56e-04 | 64020.6s
  Step 171500/350000 | Loss: 0.021440 | LR: 1.55e-04 | 64183.7s
  Step 172000/350000 | Loss: 0.021302 | LR: 1.55e-04 | 64347.4s
  Step 172500/350000 | Loss: 0.022081 | LR: 1.54e-04 | 64510.6s
  Step 173000/350000 | Loss: 0.021755 | LR: 1.53e-04 | 64673.6s
  Step 173500/350000 | Loss: 0.020317 | LR: 1.53e-04 | 64836.7s
  Step 174000/350000 | Loss: 0.020658 | LR: 1.52e-04 | 65000.1s
  Step 174500/350000 | Loss: 0.020778 | LR: 1.51e-04 | 65163.5s
  Step 175000/350000 | Loss: 0.020686 | LR: 1.51e-04 | 65326.8s
  [val] step 175000/350000 | held-out sampled-action MAE (ddim5): 0.59413
  Step 175500/350000 | Loss: 0.019991 | LR: 1.50e-04 | 65511.2s
  Step 176000/350000 | Loss: 0.021031 | LR: 1.49e-04 | 65674.6s
  Step 176500/350000 | Loss: 0.020185 | LR: 1.48e-04 | 65837.5s
  Step 177000/350000 | Loss: 0.021351 | LR: 1.48e-04 | 66000.3s
  Step 177500/350000 | Loss: 0.019674 | LR: 1.47e-04 | 66164.2s
  Step 178000/350000 | Loss: 0.020934 | LR: 1.46e-04 | 66327.3s
  Step 178500/350000 | Loss: 0.020433 | LR: 1.46e-04 | 66490.2s
  Step 179000/350000 | Loss: 0.020062 | LR: 1.45e-04 | 66652.8s
  Step 179500/350000 | Loss: 0.020609 | LR: 1.44e-04 | 66816.0s
  Step 180000/350000 | Loss: 0.021644 | LR: 1.44e-04 | 66979.1s
  Step 180500/350000 | Loss: 0.021315 | LR: 1.43e-04 | 67142.5s
  Step 181000/350000 | Loss: 0.019454 | LR: 1.42e-04 | 67306.6s
  Step 181500/350000 | Loss: 0.020015 | LR: 1.42e-04 | 67470.1s
  Step 182000/350000 | Loss: 0.019602 | LR: 1.41e-04 | 67633.6s
  Step 182500/350000 | Loss: 0.019695 | LR: 1.40e-04 | 67797.1s
  Step 183000/350000 | Loss: 0.019276 | LR: 1.40e-04 | 67961.1s
  Step 183500/350000 | Loss: 0.018235 | LR: 1.39e-04 | 68124.4s
  Step 184000/350000 | Loss: 0.020058 | LR: 1.38e-04 | 68287.9s
  Step 184500/350000 | Loss: 0.020000 | LR: 1.38e-04 | 68451.6s
  Step 185000/350000 | Loss: 0.018699 | LR: 1.37e-04 | 68615.2s
  Step 185500/350000 | Loss: 0.019765 | LR: 1.36e-04 | 68779.2s
  Step 186000/350000 | Loss: 0.019227 | LR: 1.36e-04 | 68942.5s
  Step 186500/350000 | Loss: 0.018946 | LR: 1.35e-04 | 69106.7s
  Step 187000/350000 | Loss: 0.018080 | LR: 1.34e-04 | 69270.9s
  Step 187500/350000 | Loss: 0.018289 | LR: 1.34e-04 | 69434.5s
  Step 188000/350000 | Loss: 0.017817 | LR: 1.33e-04 | 69598.4s
  Step 188500/350000 | Loss: 0.018155 | LR: 1.32e-04 | 69761.9s
  Step 189000/350000 | Loss: 0.018559 | LR: 1.32e-04 | 69925.0s
  Step 189500/350000 | Loss: 0.017589 | LR: 1.31e-04 | 70088.3s
  Step 190000/350000 | Loss: 0.017640 | LR: 1.30e-04 | 70251.6s
  Step 190500/350000 | Loss: 0.018409 | LR: 1.30e-04 | 70414.7s
  Step 191000/350000 | Loss: 0.018801 | LR: 1.29e-04 | 70577.8s
  Step 191500/350000 | Loss: 0.018077 | LR: 1.28e-04 | 70741.5s
  Step 192000/350000 | Loss: 0.017879 | LR: 1.28e-04 | 70904.6s
  Step 192500/350000 | Loss: 0.017617 | LR: 1.27e-04 | 71067.7s
  Step 193000/350000 | Loss: 0.016947 | LR: 1.26e-04 | 71230.9s
  Step 193500/350000 | Loss: 0.016049 | LR: 1.26e-04 | 71394.4s
  Step 194000/350000 | Loss: 0.017201 | LR: 1.25e-04 | 71557.6s
  Step 194500/350000 | Loss: 0.017065 | LR: 1.24e-04 | 71720.8s
  Step 195000/350000 | Loss: 0.016547 | LR: 1.24e-04 | 71883.9s
  Step 195500/350000 | Loss: 0.017349 | LR: 1.23e-04 | 72047.1s
  Step 196000/350000 | Loss: 0.016890 | LR: 1.22e-04 | 72210.1s
  Step 196500/350000 | Loss: 0.016200 | LR: 1.22e-04 | 72374.0s
  Step 197000/350000 | Loss: 0.016791 | LR: 1.21e-04 | 72538.1s
  Step 197500/350000 | Loss: 0.015963 | LR: 1.21e-04 | 72701.5s
  Step 198000/350000 | Loss: 0.017253 | LR: 1.20e-04 | 72864.3s
  Step 198500/350000 | Loss: 0.016482 | LR: 1.19e-04 | 73027.7s
  Step 199000/350000 | Loss: 0.016940 | LR: 1.19e-04 | 73191.5s
  Step 199500/350000 | Loss: 0.016601 | LR: 1.18e-04 | 73354.8s
  Step 200000/350000 | Loss: 0.016029 | LR: 1.17e-04 | 73517.8s
  [val] step 200000/350000 | held-out sampled-action MAE (ddim5): 0.50574
  Step 200500/350000 | Loss: 0.016059 | LR: 1.17e-04 | 73702.4s
  Step 201000/350000 | Loss: 0.016263 | LR: 1.16e-04 | 73865.5s
  Step 201500/350000 | Loss: 0.015043 | LR: 1.15e-04 | 74028.7s
  Step 202000/350000 | Loss: 0.015326 | LR: 1.15e-04 | 74191.9s
  Step 202500/350000 | Loss: 0.015769 | LR: 1.14e-04 | 74355.2s
  Step 203000/350000 | Loss: 0.016076 | LR: 1.13e-04 | 74518.3s
  Step 203500/350000 | Loss: 0.015661 | LR: 1.13e-04 | 74681.4s
  Step 204000/350000 | Loss: 0.015763 | LR: 1.12e-04 | 74845.0s
  Step 204500/350000 | Loss: 0.014598 | LR: 1.11e-04 | 75008.3s
  Step 205000/350000 | Loss: 0.015064 | LR: 1.11e-04 | 75171.7s
  Step 205500/350000 | Loss: 0.015177 | LR: 1.10e-04 | 75335.1s
  Step 206000/350000 | Loss: 0.014998 | LR: 1.09e-04 | 75498.5s
  Step 206500/350000 | Loss: 0.015304 | LR: 1.09e-04 | 75661.6s
  Step 207000/350000 | Loss: 0.014826 | LR: 1.08e-04 | 75824.8s
  Step 207500/350000 | Loss: 0.014836 | LR: 1.08e-04 | 75987.9s
  Step 208000/350000 | Loss: 0.014333 | LR: 1.07e-04 | 76150.9s
  Step 208500/350000 | Loss: 0.014606 | LR: 1.06e-04 | 76313.9s
  Step 209000/350000 | Loss: 0.015014 | LR: 1.06e-04 | 76477.0s
  Step 209500/350000 | Loss: 0.013918 | LR: 1.05e-04 | 76640.6s
  Step 210000/350000 | Loss: 0.014494 | LR: 1.04e-04 | 76804.0s
  Step 210500/350000 | Loss: 0.013876 | LR: 1.04e-04 | 76967.4s
  Step 211000/350000 | Loss: 0.014252 | LR: 1.03e-04 | 77131.3s
  Step 211500/350000 | Loss: 0.014033 | LR: 1.02e-04 | 77294.9s
  Step 212000/350000 | Loss: 0.013686 | LR: 1.02e-04 | 77458.3s
  Step 212500/350000 | Loss: 0.014015 | LR: 1.01e-04 | 77621.9s
  Step 213000/350000 | Loss: 0.013941 | LR: 1.00e-04 | 77785.4s
  Step 213500/350000 | Loss: 0.014429 | LR: 9.99e-05 | 77948.7s
  Step 214000/350000 | Loss: 0.013449 | LR: 9.92e-05 | 78111.9s
  Step 214500/350000 | Loss: 0.013710 | LR: 9.86e-05 | 78274.5s
  Step 215000/350000 | Loss: 0.013543 | LR: 9.80e-05 | 78438.1s
  Step 215500/350000 | Loss: 0.013448 | LR: 9.73e-05 | 78601.2s
  Step 216000/350000 | Loss: 0.013058 | LR: 9.67e-05 | 78764.3s
  Step 216500/350000 | Loss: 0.013419 | LR: 9.61e-05 | 78928.0s
  Step 217000/350000 | Loss: 0.013578 | LR: 9.55e-05 | 79091.3s
  Step 217500/350000 | Loss: 0.012624 | LR: 9.48e-05 | 79254.6s
  Step 218000/350000 | Loss: 0.012819 | LR: 9.42e-05 | 79417.8s
  Step 218500/350000 | Loss: 0.012487 | LR: 9.36e-05 | 79581.1s
  Step 219000/350000 | Loss: 0.012307 | LR: 9.30e-05 | 79744.1s
  Step 219500/350000 | Loss: 0.012905 | LR: 9.24e-05 | 79907.2s
  Step 220000/350000 | Loss: 0.012462 | LR: 9.17e-05 | 80070.4s
  Step 220500/350000 | Loss: 0.012210 | LR: 9.11e-05 | 80233.4s
  Step 221000/350000 | Loss: 0.012869 | LR: 9.05e-05 | 80396.6s
  Step 221500/350000 | Loss: 0.012116 | LR: 8.99e-05 | 80559.3s
  Step 222000/350000 | Loss: 0.012646 | LR: 8.93e-05 | 80722.7s
  Step 222500/350000 | Loss: 0.011475 | LR: 8.87e-05 | 80885.8s
  Step 223000/350000 | Loss: 0.011326 | LR: 8.81e-05 | 81049.6s
  Step 223500/350000 | Loss: 0.012322 | LR: 8.75e-05 | 81213.0s
  Step 224000/350000 | Loss: 0.012352 | LR: 8.68e-05 | 81376.2s
  Step 224500/350000 | Loss: 0.012112 | LR: 8.62e-05 | 81539.3s
  Step 225000/350000 | Loss: 0.011223 | LR: 8.56e-05 | 81702.6s
  [val] step 225000/350000 | held-out sampled-action MAE (ddim5): 0.59641
  Step 225500/350000 | Loss: 0.011201 | LR: 8.50e-05 | 81887.3s
  Step 226000/350000 | Loss: 0.011400 | LR: 8.44e-05 | 82050.7s
  Step 226500/350000 | Loss: 0.011800 | LR: 8.38e-05 | 82214.0s
  Step 227000/350000 | Loss: 0.011584 | LR: 8.32e-05 | 82377.7s
  Step 227500/350000 | Loss: 0.011377 | LR: 8.26e-05 | 82541.1s
  Step 228000/350000 | Loss: 0.011121 | LR: 8.20e-05 | 82704.3s
  Step 228500/350000 | Loss: 0.011506 | LR: 8.14e-05 | 82867.6s
  Step 229000/350000 | Loss: 0.010735 | LR: 8.08e-05 | 83030.8s
  Step 229500/350000 | Loss: 0.010707 | LR: 8.02e-05 | 83194.7s
  Step 230000/350000 | Loss: 0.010533 | LR: 7.97e-05 | 83358.2s
  Step 230500/350000 | Loss: 0.010805 | LR: 7.91e-05 | 83521.9s
  Step 231000/350000 | Loss: 0.011438 | LR: 7.85e-05 | 83685.2s
  Step 231500/350000 | Loss: 0.010852 | LR: 7.79e-05 | 83848.5s
  Step 232000/350000 | Loss: 0.010653 | LR: 7.73e-05 | 84012.0s
  Step 232500/350000 | Loss: 0.010305 | LR: 7.67e-05 | 84175.5s
  Step 233000/350000 | Loss: 0.010053 | LR: 7.61e-05 | 84338.9s
  Step 233500/350000 | Loss: 0.010963 | LR: 7.56e-05 | 84502.0s
  Step 234000/350000 | Loss: 0.010191 | LR: 7.50e-05 | 84665.2s
  Step 234500/350000 | Loss: 0.010251 | LR: 7.44e-05 | 84828.8s
  Step 235000/350000 | Loss: 0.009995 | LR: 7.38e-05 | 84992.0s
  Step 235500/350000 | Loss: 0.010191 | LR: 7.32e-05 | 85155.1s
  Step 236000/350000 | Loss: 0.009774 | LR: 7.27e-05 | 85318.7s
  Step 236500/350000 | Loss: 0.009725 | LR: 7.21e-05 | 85482.3s
  Step 237000/350000 | Loss: 0.009637 | LR: 7.15e-05 | 85645.8s
  Step 237500/350000 | Loss: 0.009708 | LR: 7.10e-05 | 85809.0s
  Step 238000/350000 | Loss: 0.009480 | LR: 7.04e-05 | 85972.5s
  Step 238500/350000 | Loss: 0.008940 | LR: 6.98e-05 | 86135.9s
  Step 239000/350000 | Loss: 0.009456 | LR: 6.93e-05 | 86299.3s
  Step 239500/350000 | Loss: 0.009381 | LR: 6.87e-05 | 86462.8s
  Step 240000/350000 | Loss: 0.009508 | LR: 6.81e-05 | 86626.2s
  Step 240500/350000 | Loss: 0.008874 | LR: 6.76e-05 | 86789.4s
  Step 241000/350000 | Loss: 0.009083 | LR: 6.70e-05 | 86952.7s
  Step 241500/350000 | Loss: 0.009725 | LR: 6.65e-05 | 87116.1s
  Step 242000/350000 | Loss: 0.008714 | LR: 6.59e-05 | 87279.7s
  Step 242500/350000 | Loss: 0.009301 | LR: 6.54e-05 | 87443.0s
  Step 243000/350000 | Loss: 0.008899 | LR: 6.48e-05 | 87606.6s
  Step 243500/350000 | Loss: 0.008805 | LR: 6.43e-05 | 87769.8s
  Step 244000/350000 | Loss: 0.008583 | LR: 6.37e-05 | 87933.2s
  Step 244500/350000 | Loss: 0.008363 | LR: 6.32e-05 | 88096.8s
  Step 245000/350000 | Loss: 0.008024 | LR: 6.26e-05 | 88260.9s
  Step 245500/350000 | Loss: 0.008636 | LR: 6.21e-05 | 88424.9s
  Step 246000/350000 | Loss: 0.008281 | LR: 6.15e-05 | 88587.9s
  Step 246500/350000 | Loss: 0.008769 | LR: 6.10e-05 | 88751.3s
  Step 247000/350000 | Loss: 0.008159 | LR: 6.05e-05 | 88914.9s
  Step 247500/350000 | Loss: 0.007768 | LR: 5.99e-05 | 89078.4s
  Step 248000/350000 | Loss: 0.008147 | LR: 5.94e-05 | 89241.8s
  Step 248500/350000 | Loss: 0.007612 | LR: 5.89e-05 | 89405.7s
  Step 249000/350000 | Loss: 0.007690 | LR: 5.83e-05 | 89569.2s
  Step 249500/350000 | Loss: 0.008378 | LR: 5.78e-05 | 89732.3s
  Step 250000/350000 | Loss: 0.007885 | LR: 5.73e-05 | 89896.0s
  [val] step 250000/350000 | held-out sampled-action MAE (ddim5): 0.58588
  Step 250500/350000 | Loss: 0.007437 | LR: 5.68e-05 | 90080.4s
  Step 251000/350000 | Loss: 0.007602 | LR: 5.62e-05 | 90243.4s
  Step 251500/350000 | Loss: 0.007507 | LR: 5.57e-05 | 90406.8s
  Step 252000/350000 | Loss: 0.007920 | LR: 5.52e-05 | 90570.1s
  Step 252500/350000 | Loss: 0.007712 | LR: 5.47e-05 | 90733.3s
  Step 253000/350000 | Loss: 0.007612 | LR: 5.42e-05 | 90897.4s
  Step 253500/350000 | Loss: 0.007362 | LR: 5.37e-05 | 91060.5s
  Step 254000/350000 | Loss: 0.007302 | LR: 5.32e-05 | 91224.0s
  Step 254500/350000 | Loss: 0.007226 | LR: 5.26e-05 | 91387.3s
  Step 255000/350000 | Loss: 0.006756 | LR: 5.21e-05 | 91550.9s
  Step 255500/350000 | Loss: 0.006755 | LR: 5.16e-05 | 91714.4s
  Step 256000/350000 | Loss: 0.006986 | LR: 5.11e-05 | 91878.2s
  Step 256500/350000 | Loss: 0.006847 | LR: 5.06e-05 | 92041.7s
  Step 257000/350000 | Loss: 0.006580 | LR: 5.01e-05 | 92205.4s
  Step 257500/350000 | Loss: 0.006948 | LR: 4.96e-05 | 92368.9s
  Step 258000/350000 | Loss: 0.006567 | LR: 4.91e-05 | 92532.0s
  Step 258500/350000 | Loss: 0.006228 | LR: 4.87e-05 | 92694.7s
  Step 259000/350000 | Loss: 0.006767 | LR: 4.82e-05 | 92858.0s
  Step 259500/350000 | Loss: 0.006362 | LR: 4.77e-05 | 93021.2s
  Step 260000/350000 | Loss: 0.006498 | LR: 4.72e-05 | 93184.5s
  Step 260500/350000 | Loss: 0.006443 | LR: 4.67e-05 | 93347.9s
  Step 261000/350000 | Loss: 0.006514 | LR: 4.62e-05 | 93511.4s
  Step 261500/350000 | Loss: 0.005892 | LR: 4.57e-05 | 93674.7s
  Step 262000/350000 | Loss: 0.005358 | LR: 4.53e-05 | 93837.8s
  Step 262500/350000 | Loss: 0.005758 | LR: 4.48e-05 | 94001.2s
  Step 263000/350000 | Loss: 0.005919 | LR: 4.43e-05 | 94164.5s
  Step 263500/350000 | Loss: 0.005713 | LR: 4.38e-05 | 94327.7s
  Step 264000/350000 | Loss: 0.005587 | LR: 4.34e-05 | 94491.0s
  Step 264500/350000 | Loss: 0.005414 | LR: 4.29e-05 | 94654.6s
  Step 265000/350000 | Loss: 0.005781 | LR: 4.24e-05 | 94818.1s
  Step 265500/350000 | Loss: 0.005876 | LR: 4.20e-05 | 94981.3s
  Step 266000/350000 | Loss: 0.005365 | LR: 4.15e-05 | 95144.6s
  Step 266500/350000 | Loss: 0.005167 | LR: 4.11e-05 | 95307.6s
  Step 267000/350000 | Loss: 0.005315 | LR: 4.06e-05 | 95470.6s
  Step 267500/350000 | Loss: 0.005392 | LR: 4.02e-05 | 95633.4s
  Step 268000/350000 | Loss: 0.005054 | LR: 3.97e-05 | 95797.1s
  Step 268500/350000 | Loss: 0.005025 | LR: 3.93e-05 | 95961.2s
  Step 269000/350000 | Loss: 0.005612 | LR: 3.88e-05 | 96124.5s
  Step 269500/350000 | Loss: 0.005410 | LR: 3.84e-05 | 96288.3s
  Step 270000/350000 | Loss: 0.004994 | LR: 3.79e-05 | 96451.6s
  Step 270500/350000 | Loss: 0.005196 | LR: 3.75e-05 | 96615.0s
  Step 271000/350000 | Loss: 0.004946 | LR: 3.70e-05 | 96778.1s
  Step 271500/350000 | Loss: 0.004842 | LR: 3.66e-05 | 96941.8s
  Step 272000/350000 | Loss: 0.004717 | LR: 3.62e-05 | 97104.9s
  Step 272500/350000 | Loss: 0.004885 | LR: 3.57e-05 | 97268.5s
  Step 273000/350000 | Loss: 0.004508 | LR: 3.53e-05 | 97431.5s
  Step 273500/350000 | Loss: 0.004566 | LR: 3.49e-05 | 97595.2s
  Step 274000/350000 | Loss: 0.004425 | LR: 3.45e-05 | 97758.7s
  Step 274500/350000 | Loss: 0.004737 | LR: 3.40e-05 | 97921.9s
  Step 275000/350000 | Loss: 0.004555 | LR: 3.36e-05 | 98085.7s
  [val] step 275000/350000 | held-out sampled-action MAE (ddim5): 0.56137
  Step 275500/350000 | Loss: 0.004531 | LR: 3.32e-05 | 98269.8s
  Step 276000/350000 | Loss: 0.004255 | LR: 3.28e-05 | 98433.1s
  Step 276500/350000 | Loss: 0.004171 | LR: 3.24e-05 | 98596.3s
  Step 277000/350000 | Loss: 0.004201 | LR: 3.20e-05 | 98759.9s
  Step 277500/350000 | Loss: 0.004182 | LR: 3.16e-05 | 98923.4s
  Step 278000/350000 | Loss: 0.004268 | LR: 3.11e-05 | 99087.0s
  Step 278500/350000 | Loss: 0.004054 | LR: 3.07e-05 | 99250.2s
  Step 279000/350000 | Loss: 0.004460 | LR: 3.03e-05 | 99413.4s
  Step 279500/350000 | Loss: 0.003888 | LR: 2.99e-05 | 99576.9s
  Step 280000/350000 | Loss: 0.003895 | LR: 2.96e-05 | 99739.7s
  Step 280500/350000 | Loss: 0.003752 | LR: 2.92e-05 | 99903.0s
  Step 281000/350000 | Loss: 0.003583 | LR: 2.88e-05 | 100066.2s
  Step 281500/350000 | Loss: 0.003656 | LR: 2.84e-05 | 100229.4s
  Step 282000/350000 | Loss: 0.003956 | LR: 2.80e-05 | 100392.9s
  Step 282500/350000 | Loss: 0.004037 | LR: 2.76e-05 | 100556.0s
  Step 283000/350000 | Loss: 0.003759 | LR: 2.72e-05 | 100719.2s
  Step 283500/350000 | Loss: 0.003522 | LR: 2.69e-05 | 100882.2s
  Step 284000/350000 | Loss: 0.003589 | LR: 2.65e-05 | 101045.8s
  Step 284500/350000 | Loss: 0.003430 | LR: 2.61e-05 | 101208.5s
  Step 285000/350000 | Loss: 0.003353 | LR: 2.57e-05 | 101371.4s
  Step 285500/350000 | Loss: 0.003294 | LR: 2.54e-05 | 101534.4s
  Step 286000/350000 | Loss: 0.003132 | LR: 2.50e-05 | 101697.1s
  Step 286500/350000 | Loss: 0.003259 | LR: 2.46e-05 | 101860.4s
  Step 287000/350000 | Loss: 0.003274 | LR: 2.43e-05 | 102023.7s
  Step 287500/350000 | Loss: 0.003084 | LR: 2.39e-05 | 102187.0s
  Step 288000/350000 | Loss: 0.003003 | LR: 2.36e-05 | 102350.4s
  Step 288500/350000 | Loss: 0.003181 | LR: 2.32e-05 | 102513.7s
  Step 289000/350000 | Loss: 0.003038 | LR: 2.29e-05 | 102677.5s
  Step 289500/350000 | Loss: 0.003047 | LR: 2.25e-05 | 102840.8s
  Step 290000/350000 | Loss: 0.002972 | LR: 2.22e-05 | 103004.1s
  Step 290500/350000 | Loss: 0.003092 | LR: 2.18e-05 | 103167.2s
  Step 291000/350000 | Loss: 0.002784 | LR: 2.15e-05 | 103330.6s
  Step 291500/350000 | Loss: 0.002815 | LR: 2.11e-05 | 103493.8s
  Step 292000/350000 | Loss: 0.002597 | LR: 2.08e-05 | 103657.0s
  Step 292500/350000 | Loss: 0.002693 | LR: 2.05e-05 | 103820.0s
  Step 293000/350000 | Loss: 0.002617 | LR: 2.01e-05 | 103983.7s
  Step 293500/350000 | Loss: 0.002692 | LR: 1.98e-05 | 104146.7s
  Step 294000/350000 | Loss: 0.002725 | LR: 1.95e-05 | 104309.8s
  Step 294500/350000 | Loss: 0.002617 | LR: 1.92e-05 | 104472.9s
  Step 295000/350000 | Loss: 0.002578 | LR: 1.89e-05 | 104635.9s
  Step 295500/350000 | Loss: 0.002675 | LR: 1.85e-05 | 104799.0s
  Step 296000/350000 | Loss: 0.002500 | LR: 1.82e-05 | 104962.0s
  Step 296500/350000 | Loss: 0.002517 | LR: 1.79e-05 | 105125.4s
  Step 297000/350000 | Loss: 0.002504 | LR: 1.76e-05 | 105288.4s
  Step 297500/350000 | Loss: 0.002375 | LR: 1.73e-05 | 105451.7s
  Step 298000/350000 | Loss: 0.002382 | LR: 1.70e-05 | 105614.9s
  Step 298500/350000 | Loss: 0.002234 | LR: 1.67e-05 | 105778.0s
  Step 299000/350000 | Loss: 0.002277 | LR: 1.64e-05 | 105941.0s
  Step 299500/350000 | Loss: 0.002281 | LR: 1.61e-05 | 106104.2s
  Step 300000/350000 | Loss: 0.002305 | LR: 1.58e-05 | 106267.6s
  [val] step 300000/350000 | held-out sampled-action MAE (ddim5): 0.55291
  Step 300500/350000 | Loss: 0.002099 | LR: 1.55e-05 | 106452.3s
  Step 301000/350000 | Loss: 0.002293 | LR: 1.52e-05 | 106615.5s
  Step 301500/350000 | Loss: 0.002259 | LR: 1.49e-05 | 106778.8s
  Step 302000/350000 | Loss: 0.001980 | LR: 1.47e-05 | 106942.2s
  Step 302500/350000 | Loss: 0.002016 | LR: 1.44e-05 | 107105.7s
  Step 303000/350000 | Loss: 0.001920 | LR: 1.41e-05 | 107268.9s
  Step 303500/350000 | Loss: 0.001923 | LR: 1.38e-05 | 107432.4s
  Step 304000/350000 | Loss: 0.001843 | LR: 1.36e-05 | 107595.8s
  Step 304500/350000 | Loss: 0.002066 | LR: 1.33e-05 | 107758.9s
  Step 305000/350000 | Loss: 0.001771 | LR: 1.30e-05 | 107922.4s
  Step 305500/350000 | Loss: 0.001878 | LR: 1.28e-05 | 108085.5s
  Step 306000/350000 | Loss: 0.001863 | LR: 1.25e-05 | 108248.6s
  Step 306500/350000 | Loss: 0.001819 | LR: 1.23e-05 | 108412.0s
  Step 307000/350000 | Loss: 0.001781 | LR: 1.20e-05 | 108575.8s
  Step 307500/350000 | Loss: 0.001671 | LR: 1.17e-05 | 108739.1s
  Step 308000/350000 | Loss: 0.001762 | LR: 1.15e-05 | 108902.3s
  Step 308500/350000 | Loss: 0.001773 | LR: 1.13e-05 | 109065.9s
  Step 309000/350000 | Loss: 0.001674 | LR: 1.10e-05 | 109229.0s
  Step 309500/350000 | Loss: 0.001566 | LR: 1.08e-05 | 109392.0s
  Step 310000/350000 | Loss: 0.001583 | LR: 1.05e-05 | 109555.3s
  Step 310500/350000 | Loss: 0.001671 | LR: 1.03e-05 | 109719.0s
  Step 311000/350000 | Loss: 0.001663 | LR: 1.01e-05 | 109882.2s
  Step 311500/350000 | Loss: 0.001507 | LR: 9.84e-06 | 110045.9s
  Step 312000/350000 | Loss: 0.001583 | LR: 9.61e-06 | 110209.5s
  Step 312500/350000 | Loss: 0.001515 | LR: 9.39e-06 | 110373.2s
  Step 313000/350000 | Loss: 0.001561 | LR: 9.17e-06 | 110537.1s
  Step 313500/350000 | Loss: 0.001494 | LR: 8.95e-06 | 110700.5s
  Step 314000/350000 | Loss: 0.001443 | LR: 8.74e-06 | 110864.1s
  Step 314500/350000 | Loss: 0.001405 | LR: 8.53e-06 | 111027.5s
  Step 315000/350000 | Loss: 0.001343 | LR: 8.32e-06 | 111190.9s
  Step 315500/350000 | Loss: 0.001365 | LR: 8.11e-06 | 111354.5s
  Step 316000/350000 | Loss: 0.001450 | LR: 7.91e-06 | 111518.0s
  Step 316500/350000 | Loss: 0.001337 | LR: 7.71e-06 | 111681.4s
  Step 317000/350000 | Loss: 0.001371 | LR: 7.51e-06 | 111845.0s
  Step 317500/350000 | Loss: 0.001359 | LR: 7.32e-06 | 112008.5s
  Step 318000/350000 | Loss: 0.001309 | LR: 7.12e-06 | 112172.0s
  Step 318500/350000 | Loss: 0.001250 | LR: 6.94e-06 | 112334.9s
  Step 319000/350000 | Loss: 0.001318 | LR: 6.75e-06 | 112497.8s
  Step 319500/350000 | Loss: 0.001226 | LR: 6.57e-06 | 112661.1s
  Step 320000/350000 | Loss: 0.001188 | LR: 6.39e-06 | 112824.3s
  Step 320500/350000 | Loss: 0.001182 | LR: 6.21e-06 | 112987.5s
  Step 321000/350000 | Loss: 0.001199 | LR: 6.04e-06 | 113151.0s
  Step 321500/350000 | Loss: 0.001120 | LR: 5.87e-06 | 113314.6s
  Step 322000/350000 | Loss: 0.001122 | LR: 5.70e-06 | 113478.4s
  Step 322500/350000 | Loss: 0.001163 | LR: 5.53e-06 | 113642.1s
  Step 323000/350000 | Loss: 0.001147 | LR: 5.37e-06 | 113806.3s
  Step 323500/350000 | Loss: 0.001134 | LR: 5.21e-06 | 113970.0s
  Step 324000/350000 | Loss: 0.001035 | LR: 5.05e-06 | 114133.5s
  Step 324500/350000 | Loss: 0.001111 | LR: 4.90e-06 | 114296.9s
  Step 325000/350000 | Loss: 0.001062 | LR: 4.75e-06 | 114460.1s
  [val] step 325000/350000 | held-out sampled-action MAE (ddim5): 0.55421
  Step 325500/350000 | Loss: 0.001142 | LR: 4.60e-06 | 114645.0s
  Step 326000/350000 | Loss: 0.001120 | LR: 4.46e-06 | 114808.2s
  Step 326500/350000 | Loss: 0.001009 | LR: 4.31e-06 | 114971.7s
  Step 327000/350000 | Loss: 0.001091 | LR: 4.17e-06 | 115135.2s
  Step 327500/350000 | Loss: 0.001068 | LR: 4.04e-06 | 115298.3s
  Step 328000/350000 | Loss: 0.001005 | LR: 3.91e-06 | 115462.0s
  Step 328500/350000 | Loss: 0.001051 | LR: 3.78e-06 | 115625.3s
  Step 329000/350000 | Loss: 0.001018 | LR: 3.65e-06 | 115788.8s
  Step 329500/350000 | Loss: 0.000941 | LR: 3.52e-06 | 115952.2s
  Step 330000/350000 | Loss: 0.000992 | LR: 3.40e-06 | 116116.3s
  Step 330500/350000 | Loss: 0.000964 | LR: 3.28e-06 | 116279.8s
  Step 331000/350000 | Loss: 0.001045 | LR: 3.17e-06 | 116443.5s
  Step 331500/350000 | Loss: 0.000975 | LR: 3.06e-06 | 116606.8s
  Step 332000/350000 | Loss: 0.000939 | LR: 2.95e-06 | 116770.8s
  Step 332500/350000 | Loss: 0.001034 | LR: 2.84e-06 | 116934.4s
  Step 333000/350000 | Loss: 0.000941 | LR: 2.74e-06 | 117097.7s
  Step 333500/350000 | Loss: 0.000902 | LR: 2.64e-06 | 117261.2s
  Step 334000/350000 | Loss: 0.000919 | LR: 2.54e-06 | 117424.5s
  Step 334500/350000 | Loss: 0.000959 | LR: 2.44e-06 | 117587.9s
  Step 335000/350000 | Loss: 0.000874 | LR: 2.35e-06 | 117751.1s
  Step 335500/350000 | Loss: 0.000906 | LR: 2.26e-06 | 117914.6s
  Step 336000/350000 | Loss: 0.000884 | LR: 2.18e-06 | 118078.1s
  Step 336500/350000 | Loss: 0.000885 | LR: 2.10e-06 | 118241.3s
  Step 337000/350000 | Loss: 0.000924 | LR: 2.02e-06 | 118404.8s
  Step 337500/350000 | Loss: 0.000896 | LR: 1.94e-06 | 118568.2s
  Step 338000/350000 | Loss: 0.000941 | LR: 1.87e-06 | 118731.7s
  Step 338500/350000 | Loss: 0.000902 | LR: 1.80e-06 | 118895.4s
  Step 339000/350000 | Loss: 0.000859 | LR: 1.73e-06 | 119058.9s
  Step 339500/350000 | Loss: 0.000857 | LR: 1.66e-06 | 119222.3s
  Step 340000/350000 | Loss: 0.000856 | LR: 1.60e-06 | 119385.6s
  Step 340500/350000 | Loss: 0.000881 | LR: 1.54e-06 | 119549.2s
  Step 341000/350000 | Loss: 0.000810 | LR: 1.49e-06 | 119712.8s
  Step 341500/350000 | Loss: 0.000871 | LR: 1.43e-06 | 119876.6s
  Step 342000/350000 | Loss: 0.000873 | LR: 1.39e-06 | 120039.8s
  Step 342500/350000 | Loss: 0.000875 | LR: 1.34e-06 | 120203.3s
  Step 343000/350000 | Loss: 0.000871 | LR: 1.30e-06 | 120366.7s
  Step 343500/350000 | Loss: 0.000842 | LR: 1.25e-06 | 120530.0s
  Step 344000/350000 | Loss: 0.000886 | LR: 1.22e-06 | 120693.6s
  Step 344500/350000 | Loss: 0.000891 | LR: 1.18e-06 | 120856.8s
  Step 345000/350000 | Loss: 0.000808 | LR: 1.15e-06 | 121020.0s
  Step 345500/350000 | Loss: 0.000819 | LR: 1.12e-06 | 121183.8s
  Step 346000/350000 | Loss: 0.000761 | LR: 1.10e-06 | 121347.4s
  Step 346500/350000 | Loss: 0.000849 | LR: 1.07e-06 | 121510.7s
  Step 347000/350000 | Loss: 0.000827 | LR: 1.05e-06 | 121674.1s
  Step 347500/350000 | Loss: 0.000813 | LR: 1.04e-06 | 121837.5s
  Step 348000/350000 | Loss: 0.000787 | LR: 1.02e-06 | 122000.7s
  Step 348500/350000 | Loss: 0.000815 | LR: 1.01e-06 | 122164.0s
  Step 349000/350000 | Loss: 0.000842 | LR: 1.01e-06 | 122327.6s
  Step 349500/350000 | Loss: 0.000806 | LR: 1.00e-06 | 122491.3s
  Step 350000/350000 | Loss: 0.000855 | LR: 1.00e-06 | 122654.7s
  [val] step 350000/350000 | held-out sampled-action MAE (ddim5): 0.55290
Done in 2044.6 min. Final weights: /home1/halbertb/Q3CIBC/checkpoints/pusht_real_dp/e02_resnet18_s29_350k/denoiser.pt (deploy with denoiser_ema.pt)
Same checkpoint serves both samplers: DDPM (T=100) and DDIM ([5, 10, 25] steps, eta=0.0).
==========================================
Done:    Mon Jul 27 09:44:29 PDT 2026
